Archive member included to satisfy reference by file (symbol)

C:\Program Files (x86)\Cypress\PSoC Creator\4.4\PSoC Creator\psoc\content\CyComponentLibrary\CyComponentLibrary.cylib\CapSense_v3_0\Library\CapSense_Library_GCC_M4.a(CapSense_SmartSense_LL.o)
                              .\CortexM4\ARM_GCC_541\Debug\CapSense_Sensing.o (SmartSense_TunePrescalers)
C:\Program Files (x86)\Cypress\PSoC Creator\4.4\PSoC Creator\psoc\content\CyComponentLibrary\CyComponentLibrary.cylib\CapSense_v3_0\Library\CapSense_Library_GCC_M4.a(CapSense_SmartSense_SL.o)
                              .\CortexM4\ARM_GCC_541\Debug\CapSense_Processing.o (SmartSense_UpdateThresholds)
Generated_Source\PSoC6\pdl\middleware\ble\lib\cy_ble_stack_gcc_host_ipc_cm4.a(CyBleStackMgrIP_Interface.o)
                              .\CortexM4\ARM_GCC_541\Debug\cy_ble.o (Cy_BLE_EnablePrivacyFeature)
Generated_Source\PSoC6\pdl\middleware\ble\lib\cy_ble_stack_gcc_host_ipc_cm4.a(BT_os.o)
                              Generated_Source\PSoC6\pdl\middleware\ble\lib\cy_ble_stack_gcc_host_ipc_cm4.a(CyBleStackMgrIP_Interface.o) (cyBleStackMemoryConfig)
Generated_Source\PSoC6\pdl\middleware\ble\lib\cy_ble_stack_gcc_host_ipc_cm4.a(CyBleStackMgr_StackTaskHandler.o)
                              Generated_Source\PSoC6\pdl\middleware\ble\lib\cy_ble_stack_gcc_host_ipc_cm4.a(CyBleStackMgrIP_Interface.o) (CyBle_CreateBleStackTask)
Generated_Source\PSoC6\pdl\middleware\ble\lib\cy_ble_stack_gcc_host_ipc_cm4.a(storage_pl.o)
                              Generated_Source\PSoC6\pdl\middleware\ble\lib\cy_ble_stack_gcc_host_ipc_cm4.a(CyBleStackMgrIP_Interface.o) (storage_manager_init)
Generated_Source\PSoC6\pdl\middleware\ble\lib\cy_ble_stack_gcc_host_ipc_cm4.a(mint_os.o)
                              Generated_Source\PSoC6\pdl\middleware\ble\lib\cy_ble_stack_gcc_host_ipc_cm4.a(CyBleStackMgrIP_Interface.o) (OS_init)
Generated_Source\PSoC6\pdl\middleware\ble\lib\cy_ble_stack_gcc_host_ipc_cm4.a(mint_os_queue.o)
                              Generated_Source\PSoC6\pdl\middleware\ble\lib\cy_ble_stack_gcc_host_ipc_cm4.a(mint_os.o) (OS_TOTAL_QUEUES)
Generated_Source\PSoC6\pdl\middleware\ble\lib\cy_ble_stack_gcc_host_ipc_cm4.a(mint_os_task.o)
                              Generated_Source\PSoC6\pdl\middleware\ble\lib\cy_ble_stack_gcc_host_ipc_cm4.a(mint_os.o) (idle_func_handler)
Generated_Source\PSoC6\pdl\middleware\ble\lib\cy_ble_stack_gcc_host_ipc_cm4.a(mint_buf_mgmt.o)
                              Generated_Source\PSoC6\pdl\middleware\ble\lib\cy_ble_stack_gcc_host_ipc_cm4.a(BT_os.o) (mint_buf_mgmt_allocate_buffer)
Generated_Source\PSoC6\pdl\middleware\ble\lib\cy_ble_stack_gcc_host_ipc_cm4.a(transport_ipc.o)
                              Generated_Source\PSoC6\pdl\middleware\ble\lib\cy_ble_stack_gcc_host_ipc_cm4.a(CyBleStackMgr_StackTaskHandler.o) (CyBleHost_HciIpcFreePktBuffer)
Generated_Source\PSoC6\pdl\middleware\ble\lib\cy_ble_stack_gcc_host_ipc_cm4.a(CyBleStackMgr_PSoCIPCHal.o)
                              Generated_Source\PSoC6\pdl\middleware\ble\lib\cy_ble_stack_gcc_host_ipc_cm4.a(transport_ipc.o) (CyBleHost_IPC_HAL_InitWithStaticMem)
Generated_Source\PSoC6\pdl\middleware\ble\lib\cy_ble_stack_gcc_host_ipc_cm4.a(host_main.o)
                              Generated_Source\PSoC6\pdl\middleware\ble\lib\cy_ble_stack_gcc_host_ipc_cm4.a(CyBleStackMgrIP_Interface.o) (CyBle_HostInit)
Generated_Source\PSoC6\pdl\middleware\ble\lib\cy_ble_stack_gcc_host_ipc_cm4.a(att_api.o)
                              Generated_Source\PSoC6\pdl\middleware\ble\lib\cy_ble_stack_gcc_host_ipc_cm4.a(host_main.o) (BT_att_register)
Generated_Source\PSoC6\pdl\middleware\ble\lib\cy_ble_stack_gcc_host_ipc_cm4.a(att_init.o)
                              Generated_Source\PSoC6\pdl\middleware\ble\lib\cy_ble_stack_gcc_host_ipc_cm4.a(att_api.o) (att_connections)
Generated_Source\PSoC6\pdl\middleware\ble\lib\cy_ble_stack_gcc_host_ipc_cm4.a(att_internal.o)
                              Generated_Source\PSoC6\pdl\middleware\ble\lib\cy_ble_stack_gcc_host_ipc_cm4.a(att_api.o) (att_get_fsm_event)
Generated_Source\PSoC6\pdl\middleware\ble\lib\cy_ble_stack_gcc_host_ipc_cm4.a(BT_common.o)
                              Generated_Source\PSoC6\pdl\middleware\ble\lib\cy_ble_stack_gcc_host_ipc_cm4.a(host_main.o) (BT_bluetooth_off)
Generated_Source\PSoC6\pdl\middleware\ble\lib\cy_ble_stack_gcc_host_ipc_cm4.a(device_queue.o)
                              Generated_Source\PSoC6\pdl\middleware\ble\lib\cy_ble_stack_gcc_host_ipc_cm4.a(host_main.o) (CyBle_DeviceQueueHeapDeInit)
Generated_Source\PSoC6\pdl\middleware\ble\lib\cy_ble_stack_gcc_host_ipc_cm4.a(l2cap.o)
                              Generated_Source\PSoC6\pdl\middleware\ble\lib\cy_ble_stack_gcc_host_ipc_cm4.a(host_main.o) (CyBle_L2capCB)
Generated_Source\PSoC6\pdl\middleware\ble\lib\cy_ble_stack_gcc_host_ipc_cm4.a(l2cap_disconnect.o)
                              Generated_Source\PSoC6\pdl\middleware\ble\lib\cy_ble_stack_gcc_host_ipc_cm4.a(l2cap.o) (l2ca_disconnect_req)
[...]
Memory Configuration

Name             Origin             Length             Attributes
ram              0x08024000         0x00023800         xrw
flash            0x10080000         0x00080000         xr
em_eeprom        0x14000000         0x00008000         xr
sflash_user_data 0x16000800         0x00000800         xr
sflash_nar       0x16001a00         0x00000200         xr
sflash_public_key 0x16005a00         0x00000c00         xr
sflash_toc_2     0x16007c00         0x00000200         xr
sflash_rtoc_2    0x16007e00         0x00000200         xr
xip              0x18000000         0x08000000         xr
efuse            0x90700000         0x00100000         r
*default*        0x00000000         0xffffffff

Linker script and memory map

LOAD c:/program files (x86)/cypress/psoc creator/4.4/psoc creator/import/gnu/arm/5.4.1/bin/../lib/gcc/arm-none-eabi/5.4.1/armv7e-m/softfp/crti.o
LOAD c:/program files (x86)/cypress/psoc creator/4.4/psoc creator/import/gnu/arm/5.4.1/bin/../lib/gcc/arm-none-eabi/5.4.1/armv7e-m/softfp/crtbegin.o
LOAD c:/program files (x86)/cypress/psoc creator/4.4/psoc creator/import/gnu/arm/5.4.1/bin/../lib/gcc/arm-none-eabi/5.4.1/../../../../arm-none-eabi/lib/armv7e-m/softfp/crt0.o
START GROUP
LOAD Generated_Source\PSoC6\pdl\middleware\ble\lib\cy_ble_stack_gcc_host_ipc_cm4.a
LOAD .\CortexM4\ARM_GCC_541\Debug\startup_psoc6_01_cm4.o
LOAD .\CortexM4\ARM_GCC_541\Debug\main_cm4.o
LOAD .\CortexM4\ARM_GCC_541\Debug\system_psoc6_cm4.o
LOAD .\CortexM4\ARM_GCC_541\Debug\capsense_callback.o
LOAD .\CortexM4\ARM_GCC_541\Debug\stdio_user.o
LOAD .\CortexM4\ARM_GCC_541\Debug\cyfitter_sysint_cfg.o
LOAD .\CortexM4\ARM_GCC_541\Debug\cymetadata.o
LOAD .\CortexM4\ARM_GCC_541\Debug\CapSense_Control.o
LOAD .\CortexM4\ARM_GCC_541\Debug\CapSense_Processing.o
LOAD .\CortexM4\ARM_GCC_541\Debug\CapSense_Structure.o
LOAD .\CortexM4\ARM_GCC_541\Debug\CapSense_Tuner.o
LOAD .\CortexM4\ARM_GCC_541\Debug\CapSense_Filter.o
LOAD .\CortexM4\ARM_GCC_541\Debug\CapSense_Sensing.o
LOAD .\CortexM4\ARM_GCC_541\Debug\CapSense_INT.o
LOAD .\CortexM4\ARM_GCC_541\Debug\CapSense_SensingCSD_LL.o
LOAD .\CortexM4\ARM_GCC_541\Debug\CapSense_SensingCSX_LL.o
LOAD .\CortexM4\ARM_GCC_541\Debug\CapSense_Centroid_LL.o
LOAD .\CortexM4\ARM_GCC_541\Debug\cy_sysint.o
LOAD .\CortexM4\ARM_GCC_541\Debug\cy_ipc_drv.o
LOAD .\CortexM4\ARM_GCC_541\Debug\cy_ipc_sema.o
LOAD .\CortexM4\ARM_GCC_541\Debug\cy_ipc_pipe.o
LOAD .\CortexM4\ARM_GCC_541\Debug\cy_sysclk.o
LOAD .\CortexM4\ARM_GCC_541\Debug\cy_wdt.o
LOAD .\CortexM4\ARM_GCC_541\Debug\cy_scb_common.o
LOAD .\CortexM4\ARM_GCC_541\Debug\cy_scb_i2c.o
LOAD .\CortexM4\ARM_GCC_541\Debug\cy_scb_ezi2c.o
LOAD .\CortexM4\ARM_GCC_541\Debug\cy_scb_spi.o
LOAD .\CortexM4\ARM_GCC_541\Debug\cy_scb_uart.o
LOAD .\CortexM4\ARM_GCC_541\Debug\cy_efuse.o
LOAD .\CortexM4\ARM_GCC_541\Debug\cy_flash.o
LOAD .\CortexM4\ARM_GCC_541\Debug\cy_gpio.o
LOAD .\CortexM4\ARM_GCC_541\Debug\cy_sysanalog.o
LOAD .\CortexM4\ARM_GCC_541\Debug\cy_syspm.o
LOAD .\CortexM4\ARM_GCC_541\Debug\cy_syslib.o
LOAD .\CortexM4\ARM_GCC_541\Debug\cy_syslib_gcc.o
LOAD .\CortexM4\ARM_GCC_541\Debug\cy_trigmux.o
LOAD .\CortexM4\ARM_GCC_541\Debug\cy_systick.o
LOAD .\CortexM4\ARM_GCC_541\Debug\cy_profile.o
LOAD .\CortexM4\ARM_GCC_541\Debug\cy_prot.o
LOAD .\CortexM4\ARM_GCC_541\Debug\cy_lvd.o
LOAD .\CortexM4\ARM_GCC_541\Debug\cy_tcpwm_counter.o
LOAD .\CortexM4\ARM_GCC_541\Debug\cy_tcpwm_pwm.o
LOAD .\CortexM4\ARM_GCC_541\Debug\cy_tcpwm_quaddec.o
LOAD .\CortexM4\ARM_GCC_541\Debug\cy_device.o
LOAD .\CortexM4\ARM_GCC_541\Debug\cy_ble_clk.o
LOAD .\CortexM4\ARM_GCC_541\Debug\cy_ble.o
LOAD .\CortexM4\ARM_GCC_541\Debug\cy_ble_hal_int.o
LOAD .\CortexM4\ARM_GCC_541\Debug\cy_ble_hal_pvt.o
LOAD .\CortexM4\ARM_GCC_541\Debug\cy_ble_gap.o
LOAD .\CortexM4\ARM_GCC_541\Debug\cy_ble_gatt.o
LOAD .\CortexM4\ARM_GCC_541\Debug\cy_ble_event_handler.o
LOAD .\CortexM4\ARM_GCC_541\Debug\cy_ble_ancs.o
LOAD .\CortexM4\ARM_GCC_541\Debug\cy_ble_ans.o
LOAD .\CortexM4\ARM_GCC_541\Debug\cy_ble_aios.o
LOAD .\CortexM4\ARM_GCC_541\Debug\cy_ble_bas.o
LOAD .\CortexM4\ARM_GCC_541\Debug\cy_ble_bcs.o
LOAD .\CortexM4\ARM_GCC_541\Debug\cy_ble_bls.o
LOAD .\CortexM4\ARM_GCC_541\Debug\cy_ble_bms.o
LOAD .\CortexM4\ARM_GCC_541\Debug\cy_ble_bts.o
LOAD .\CortexM4\ARM_GCC_541\Debug\cy_ble_cgms.o
LOAD .\CortexM4\ARM_GCC_541\Debug\cy_ble_cps.o
LOAD .\CortexM4\ARM_GCC_541\Debug\cy_ble_cscs.o
LOAD .\CortexM4\ARM_GCC_541\Debug\cy_ble_cts.o
LOAD .\CortexM4\ARM_GCC_541\Debug\cy_ble_custom.o
LOAD .\CortexM4\ARM_GCC_541\Debug\cy_ble_dis.o
LOAD .\CortexM4\ARM_GCC_541\Debug\cy_ble_ess.o
LOAD .\CortexM4\ARM_GCC_541\Debug\cy_ble_gls.o
LOAD .\CortexM4\ARM_GCC_541\Debug\cy_ble_hids.o
LOAD .\CortexM4\ARM_GCC_541\Debug\cy_ble_hps.o
LOAD .\CortexM4\ARM_GCC_541\Debug\cy_ble_hrs.o
LOAD .\CortexM4\ARM_GCC_541\Debug\cy_ble_hts.o
LOAD .\CortexM4\ARM_GCC_541\Debug\cy_ble_ias.o
LOAD .\CortexM4\ARM_GCC_541\Debug\cy_ble_ips.o
LOAD .\CortexM4\ARM_GCC_541\Debug\cy_ble_lls.o
LOAD .\CortexM4\ARM_GCC_541\Debug\cy_ble_lns.o
LOAD .\CortexM4\ARM_GCC_541\Debug\cy_ble_ndcs.o
LOAD .\CortexM4\ARM_GCC_541\Debug\cy_ble_plxs.o
LOAD .\CortexM4\ARM_GCC_541\Debug\cy_ble_pass.o
LOAD .\CortexM4\ARM_GCC_541\Debug\cy_ble_rscs.o
LOAD .\CortexM4\ARM_GCC_541\Debug\cy_ble_rtus.o
LOAD .\CortexM4\ARM_GCC_541\Debug\cy_ble_scps.o
LOAD .\CortexM4\ARM_GCC_541\Debug\cy_ble_tps.o
LOAD .\CortexM4\ARM_GCC_541\Debug\cy_ble_uds.o
LOAD .\CortexM4\ARM_GCC_541\Debug\cy_ble_wpts.o
LOAD .\CortexM4\ARM_GCC_541\Debug\cy_ble_wss.o
LOAD .\CortexM4\ARM_GCC_541\Debug\croutine.o
LOAD .\CortexM4\ARM_GCC_541\Debug\event_groups.o
LOAD .\CortexM4\ARM_GCC_541\Debug\list.o
LOAD .\CortexM4\ARM_GCC_541\Debug\queue.o
LOAD .\CortexM4\ARM_GCC_541\Debug\tasks.o
LOAD .\CortexM4\ARM_GCC_541\Debug\timers.o
LOAD .\CortexM4\ARM_GCC_541\Debug\stream_buffer.o
LOAD .\CortexM4\ARM_GCC_541\Debug\port.o
LOAD .\CortexM4\ARM_GCC_541\Debug\heap_1.o
LOAD .\CortexM4\ARM_GCC_541\Debug\retarget.o
LOAD .\CortexM4\ARM_GCC_541\Debug\PWM_Red.o
LOAD .\CortexM4\ARM_GCC_541\Debug\DEBUG_UART.o
LOAD .\CortexM4\ARM_GCC_541\Debug\BLE.o
LOAD .\CortexM4\ARM_GCC_541\Debug\BLE_config.o
LOAD .\CortexM4\ARM_GCC_541\Debug\BLE_ias_config.o
LOAD C:\Program Files (x86)\Cypress\PSoC Creator\4.4\PSoC Creator\psoc\content\CyComponentLibrary\CyComponentLibrary.cylib\CapSense_v3_0\Library\CapSense_Library_GCC_M4.a
END GROUP
START GROUP
LOAD c:/program files (x86)/cypress/psoc creator/4.4/psoc creator/import/gnu/arm/5.4.1/bin/../lib/gcc/arm-none-eabi/5.4.1/armv7e-m/softfp\libgcc.a
LOAD c:/program files (x86)/cypress/psoc creator/4.4/psoc creator/import/gnu/arm/5.4.1/bin/../lib/gcc/arm-none-eabi/5.4.1/../../../../arm-none-eabi/lib/armv7e-m/softfp\libg_nano.a
LOAD c:/program files (x86)/cypress/psoc creator/4.4/psoc creator/import/gnu/arm/5.4.1/bin/../lib/gcc/arm-none-eabi/5.4.1/../../../../arm-none-eabi/lib/armv7e-m/softfp\libc_nano.a
END GROUP
START GROUP
LOAD c:/program files (x86)/cypress/psoc creator/4.4/psoc creator/import/gnu/arm/5.4.1/bin/../lib/gcc/arm-none-eabi/5.4.1/armv7e-m/softfp\libgcc.a
LOAD c:/program files (x86)/cypress/psoc creator/4.4/psoc creator/import/gnu/arm/5.4.1/bin/../lib/gcc/arm-none-eabi/5.4.1/../../../../arm-none-eabi/lib/armv7e-m/softfp\libc_nano.a
END GROUP
LOAD c:/program files (x86)/cypress/psoc creator/4.4/psoc creator/import/gnu/arm/5.4.1/bin/../lib/gcc/arm-none-eabi/5.4.1/armv7e-m/softfp/crtend.o
LOAD c:/program files (x86)/cypress/psoc creator/4.4/psoc creator/import/gnu/arm/5.4.1/bin/../lib/gcc/arm-none-eabi/5.4.1/armv7e-m/softfp/crtn.o
START GROUP
LOAD c:/program files (x86)/cypress/psoc creator/4.4/psoc creator/import/gnu/arm/5.4.1/bin/../lib/gcc/arm-none-eabi/5.4.1/armv7e-m/softfp\libgcc.a
LOAD c:/program files (x86)/cypress/psoc creator/4.4/psoc creator/import/gnu/arm/5.4.1/bin/../lib/gcc/arm-none-eabi/5.4.1/../../../../arm-none-eabi/lib/armv7e-m/softfp\libc.a
LOAD c:/program files (x86)/cypress/psoc creator/4.4/psoc creator/import/gnu/arm/5.4.1/bin/../lib/gcc/arm-none-eabi/5.4.1/../../../../arm-none-eabi/lib/armv7e-m/softfp\libnosys.a
END GROUP
START GROUP
LOAD c:/program files (x86)/cypress/psoc creator/4.4/psoc creator/import/gnu/arm/5.4.1/bin/../lib/gcc/arm-none-eabi/5.4.1/armv7e-m/softfp\libgcc.a
LOAD c:/program files (x86)/cypress/psoc creator/4.4/psoc creator/import/gnu/arm/5.4.1/bin/../lib/gcc/arm-none-eabi/5.4.1/../../../../arm-none-eabi/lib/armv7e-m/softfp\libc.a
LOAD c:/program files (x86)/cypress/psoc creator/4.4/psoc creator/import/gnu/arm/5.4.1/bin/../lib/gcc/arm-none-eabi/5.4.1/../../../../arm-none-eabi/lib/armv7e-m/softfp\libm.a
LOAD c:/program files (x86)/cypress/psoc creator/4.4/psoc creator/import/gnu/arm/5.4.1/bin/../lib/gcc/arm-none-eabi/5.4.1/../../../../arm-none-eabi/lib/armv7e-m/softfp\libnosys.a
END GROUP

.text           0x10080000     0xae90
                0x10080000                . = ALIGN (0x4)
                0x10080000                __Vectors = .
 *(.vectors)
 .vectors       0x10080000      0x28c .\CortexM4\ARM_GCC_541\Debug\startup_psoc6_01_cm4.o
                0x1008028c                . = ALIGN (0x4)
                0x1008028c                __Vectors_End = .
                0x0000028c                __Vectors_Size = (__Vectors_End - __Vectors)
                0x1008028c                __end__ = .
                0x1008028c                . = ALIGN (0x4)
 *(.text*)
 .text          0x1008028c       0x5c c:/program files (x86)/cypress/psoc creator/4.4/psoc creator/import/gnu/arm/5.4.1/bin/../lib/gcc/arm-none-eabi/5.4.1/armv7e-m/softfp/crtbegin.o
 .text          0x100802e8       0x84 .\CortexM4\ARM_GCC_541\Debug\startup_psoc6_01_cm4.o
                0x100802e8                Cy_OnResetUser
                0x100802ea                Reset_Handler
                0x1008034c                cpuss_interrupts_ipc_6_IRQHandler
                0x1008034c                DebugMon_Handler
                0x1008034c                tcpwm_1_interrupts_11_IRQHandler
                0x1008034c                cpuss_interrupts_ipc_0_IRQHandler
                0x1008034c                tcpwm_1_interrupts_15_IRQHandler
                0x1008034c                ioss_interrupts_gpio_13_IRQHandler
                0x1008034c                tcpwm_1_interrupts_13_IRQHandler
                0x1008034c                cpuss_interrupts_dw1_8_IRQHandler
                0x1008034c                tcpwm_0_interrupts_0_IRQHandler
                0x1008034c                cpuss_interrupt_fm_IRQHandler
                0x1008034c                cpuss_interrupts_ipc_7_IRQHandler
                0x1008034c                tcpwm_1_interrupts_14_IRQHandler
                0x1008034c                cpuss_interrupts_dw0_5_IRQHandler
                0x1008034c                tcpwm_1_interrupts_9_IRQHandler
                0x1008034c                cpuss_interrupts_cm0_cti_1_IRQHandler
                0x1008034c                tcpwm_1_interrupts_22_IRQHandler
                0x1008034c                cpuss_interrupts_dw0_4_IRQHandler
                0x1008034c                NMI_Handler
                0x1008034c                cpuss_interrupts_dw1_12_IRQHandler
                0x1008034c                tcpwm_1_interrupts_12_IRQHandler
                0x1008034c                smif_interrupt_IRQHandler
                0x1008034c                tcpwm_1_interrupts_2_IRQHandler
                0x1008034c                cpuss_interrupts_ipc_13_IRQHandler
                0x1008034c                udb_interrupts_11_IRQHandler
                0x1008034c                tcpwm_1_interrupts_18_IRQHandler
                0x1008034c                cpuss_interrupts_dw0_11_IRQHandler
                0x1008034c                tcpwm_0_interrupts_2_IRQHandler
                0x1008034c                cpuss_interrupts_dw0_13_IRQHandler
                0x1008034c                udb_interrupts_2_IRQHandler
                0x1008034c                cpuss_interrupts_dw1_7_IRQHandler
                0x1008034c                ioss_interrupts_gpio_1_IRQHandler
                0x1008034c                ioss_interrupts_gpio_7_IRQHandler
                0x1008034c                scb_5_interrupt_IRQHandler
                0x1008034c                udb_interrupts_6_IRQHandler
                0x1008034c                cpuss_interrupts_fault_1_IRQHandler
                0x1008034c                cpuss_interrupts_ipc_4_IRQHandler
                0x1008034c                cpuss_interrupts_ipc_5_IRQHandler
                0x1008034c                cpuss_interrupts_dw1_10_IRQHandler
                0x1008034c                udb_interrupts_0_IRQHandler
                0x1008034c                tcpwm_1_interrupts_6_IRQHandler
                0x1008034c                scb_4_interrupt_IRQHandler
                0x1008034c                pass_interrupt_dacs_IRQHandler
                0x1008034c                ioss_interrupts_gpio_2_IRQHandler
                0x1008034c                cpuss_interrupts_dw1_9_IRQHandler
                0x1008034c                cpuss_interrupts_dw1_13_IRQHandler
                0x1008034c                scb_2_interrupt_IRQHandler
                0x1008034c                cpuss_interrupts_cm0_cti_0_IRQHandler
                0x1008034c                udb_interrupts_5_IRQHandler
                0x1008034c                srss_interrupt_IRQHandler
                0x1008034c                udb_interrupts_12_IRQHandler
                0x1008034c                scb_0_interrupt_IRQHandler
                0x1008034c                csd_interrupt_IRQHandler
                0x1008034c                udb_interrupts_1_IRQHandler
                0x1008034c                profile_interrupt_IRQHandler
                0x1008034c                tcpwm_1_interrupts_1_IRQHandler
                0x1008034c                cpuss_interrupts_ipc_12_IRQHandler
                0x1008034c                tcpwm_1_interrupts_3_IRQHandler
                0x1008034c                tcpwm_0_interrupts_7_IRQHandler
                0x1008034c                cpuss_interrupts_dw1_1_IRQHandler
                0x1008034c                cpuss_interrupts_dw1_0_IRQHandler
                0x1008034c                cpuss_interrupts_dw0_9_IRQHandler
                0x1008034c                lpcomp_interrupt_IRQHandler
                0x1008034c                tcpwm_1_interrupts_23_IRQHandler
                0x1008034c                udb_interrupts_4_IRQHandler
                0x1008034c                tcpwm_1_interrupts_20_IRQHandler
                0x1008034c                ioss_interrupt_gpio_IRQHandler
                0x1008034c                tcpwm_0_interrupts_1_IRQHandler
                0x1008034c                ioss_interrupts_gpio_8_IRQHandler
                0x1008034c                tcpwm_0_interrupts_6_IRQHandler
                0x1008034c                scb_7_interrupt_IRQHandler
                0x1008034c                tcpwm_1_interrupts_7_IRQHandler
                0x1008034c                cpuss_interrupts_ipc_11_IRQHandler
                0x1008034c                udb_interrupts_13_IRQHandler
                0x1008034c                cpuss_interrupts_dw0_15_IRQHandler
                0x1008034c                udb_interrupts_7_IRQHandler
                0x1008034c                cpuss_interrupts_dw1_6_IRQHandler
                0x1008034c                cpuss_interrupt_crypto_IRQHandler
                0x1008034c                scb_1_interrupt_IRQHandler
                0x1008034c                Default_Handler
                0x1008034c                usb_interrupt_hi_IRQHandler
                0x1008034c                tcpwm_1_interrupts_0_IRQHandler
                0x1008034c                udb_interrupts_9_IRQHandler
                0x1008034c                audioss_interrupt_pdm_IRQHandler
                0x1008034c                srss_interrupt_mcwdt_0_IRQHandler
                0x1008034c                scb_3_interrupt_IRQHandler
                0x1008034c                pass_interrupt_ctbs_IRQHandler
                0x1008034c                udb_interrupts_8_IRQHandler
                0x1008034c                ioss_interrupts_gpio_3_IRQHandler
                0x1008034c                scb_6_interrupt_IRQHandler
                0x1008034c                cpuss_interrupts_cm4_cti_0_IRQHandler
                0x1008034c                cpuss_interrupts_dw1_3_IRQHandler
                0x1008034c                pass_interrupt_sar_IRQHandler
                0x1008034c                ioss_interrupts_gpio_0_IRQHandler
                0x1008034c                ioss_interrupts_gpio_14_IRQHandler
                0x1008034c                tcpwm_0_interrupts_4_IRQHandler
                0x1008034c                udb_interrupts_3_IRQHandler
                0x1008034c                tcpwm_0_interrupts_5_IRQHandler
                0x1008034c                cpuss_interrupts_ipc_15_IRQHandler
                0x1008034c                cpuss_interrupts_cm4_cti_1_IRQHandler
                0x1008034c                scb_8_interrupt_IRQHandler
                0x1008034c                srss_interrupt_mcwdt_1_IRQHandler
                0x1008034c                cpuss_interrupts_dw1_2_IRQHandler
                0x1008034c                cpuss_interrupts_dw1_5_IRQHandler
                0x1008034c                cpuss_interrupts_ipc_1_IRQHandler
                0x1008034c                cpuss_interrupts_dw0_0_IRQHandler
                0x1008034c                ioss_interrupts_gpio_12_IRQHandler
                0x1008034c                cpuss_interrupts_ipc_3_IRQHandler
                0x1008034c                tcpwm_1_interrupts_17_IRQHandler
                0x1008034c                srss_interrupt_backup_IRQHandler
                0x1008034c                bless_interrupt_IRQHandler
                0x1008034c                cpuss_interrupts_ipc_10_IRQHandler
                0x1008034c                cpuss_interrupts_ipc_9_IRQHandler
                0x1008034c                cpuss_interrupts_dw0_14_IRQHandler
                0x1008034c                tcpwm_1_interrupts_4_IRQHandler
                0x1008034c                tcpwm_0_interrupts_3_IRQHandler
                0x1008034c                cpuss_interrupts_dw1_15_IRQHandler
                0x1008034c                ioss_interrupts_gpio_10_IRQHandler
                0x1008034c                udb_interrupts_10_IRQHandler
                0x1008034c                cpuss_interrupts_dw0_8_IRQHandler
                0x1008034c                ioss_interrupts_gpio_11_IRQHandler
                0x1008034c                cpuss_interrupts_ipc_14_IRQHandler
                0x1008034c                ioss_interrupts_gpio_5_IRQHandler
                0x1008034c                ioss_interrupts_gpio_4_IRQHandler
                0x1008034c                tcpwm_1_interrupts_8_IRQHandler
                0x1008034c                cpuss_interrupts_dw1_14_IRQHandler
                0x1008034c                usb_interrupt_med_IRQHandler
                0x1008034c                cpuss_interrupts_dw0_2_IRQHandler
                0x1008034c                tcpwm_1_interrupts_10_IRQHandler
                0x1008034c                cpuss_interrupts_fault_0_IRQHandler
                0x1008034c                cpuss_interrupts_dw0_12_IRQHandler
                0x1008034c                ioss_interrupts_gpio_6_IRQHandler
                0x1008034c                tcpwm_1_interrupts_21_IRQHandler
                0x1008034c                tcpwm_1_interrupts_16_IRQHandler
                0x1008034c                cpuss_interrupts_dw1_4_IRQHandler
                0x1008034c                udb_interrupts_15_IRQHandler
                0x1008034c                cpuss_interrupts_dw1_11_IRQHandler
                0x1008034c                cpuss_interrupts_dw0_6_IRQHandler
                0x1008034c                ioss_interrupt_vdd_IRQHandler
                0x1008034c                cpuss_interrupts_dw0_7_IRQHandler
                0x1008034c                audioss_interrupt_i2s_IRQHandler
                0x1008034c                tcpwm_1_interrupts_5_IRQHandler
                0x1008034c                cpuss_interrupts_ipc_2_IRQHandler
                0x1008034c                cpuss_interrupts_dw0_10_IRQHandler
                0x1008034c                tcpwm_1_interrupts_19_IRQHandler
                0x1008034c                cpuss_interrupts_dw0_1_IRQHandler
                0x1008034c                ioss_interrupts_gpio_9_IRQHandler
                0x1008034c                usb_interrupt_lo_IRQHandler
                0x1008034c                cpuss_interrupts_ipc_8_IRQHandler
                0x1008034c                udb_interrupts_14_IRQHandler
                0x1008034c                cpuss_interrupts_dw0_3_IRQHandler
                0x10080350                UsageFault_Handler
                0x10080350                HardFault_Handler
                0x10080350                MemManage_Handler
                0x10080350                BusFault_Handler
 .text.Task_Debug
                0x1008036c       0x3c .\CortexM4\ARM_GCC_541\Debug\main_cm4.o
                0x1008036c                Task_Debug
 .text.Task_RGB
                0x100803a8       0xb8 .\CortexM4\ARM_GCC_541\Debug\main_cm4.o
                0x100803a8                Task_RGB
 .text.Task_Touch
                0x10080460      0x120 .\CortexM4\ARM_GCC_541\Debug\main_cm4.o
                0x10080460                Task_Touch
 .text.genericEventHandler
                0x10080580       0x4c .\CortexM4\ARM_GCC_541\Debug\main_cm4.o
                0x10080580                genericEventHandler
 .text.iasEventHandler
                0x100805cc       0x78 .\CortexM4\ARM_GCC_541\Debug\main_cm4.o
                0x100805cc                iasEventHandler
 .text.bleInterruptNotify
                0x10080644       0x38 .\CortexM4\ARM_GCC_541\Debug\main_cm4.o
                0x10080644                bleInterruptNotify
 .text.bleTask  0x1008067c       0x60 .\CortexM4\ARM_GCC_541\Debug\main_cm4.o
                0x1008067c                bleTask
 .text.main     0x100806dc       0xdc .\CortexM4\ARM_GCC_541\Debug\main_cm4.o
                0x100806dc                main
 .text.vApplicationStackOverflowHook
                0x100807b8       0x1c .\CortexM4\ARM_GCC_541\Debug\main_cm4.o
                0x100807b8                vApplicationStackOverflowHook
 .text.Cy_SysIpcPipeIsrCm4
                0x100807d4        0xc .\CortexM4\ARM_GCC_541\Debug\system_psoc6_cm4.o
                0x100807d4                Cy_SysIpcPipeIsrCm4
 .text.Cy_SystemInit
                0x100807e0        0x4 .\CortexM4\ARM_GCC_541\Debug\system_psoc6_cm4.o
                0x100807e0                Cy_SystemInit
 .text.SystemCoreClockUpdate
                0x100807e4      0x190 .\CortexM4\ARM_GCC_541\Debug\system_psoc6_cm4.o
                0x100807e4                SystemCoreClockUpdate
 .text.SystemInit
                0x10080974       0x48 .\CortexM4\ARM_GCC_541\Debug\system_psoc6_cm4.o
                0x10080974                SystemInit
 .text.Cy_SystemInitFpuEnable
                0x100809bc       0x28 .\CortexM4\ARM_GCC_541\Debug\system_psoc6_cm4.o
                0x100809bc                Cy_SystemInitFpuEnable
 .text.CapSense_EntryCallback
                0x100809e4        0x4 .\CortexM4\ARM_GCC_541\Debug\capsense_callback.o
                0x100809e4                CapSense_EntryCallback
 .text.CapSense_ExitCallback
                0x100809e8       0x48 .\CortexM4\ARM_GCC_541\Debug\capsense_callback.o
                0x100809e8                CapSense_ExitCallback
 .text.STDIO_PutChar
                0x10080a30       0x18 .\CortexM4\ARM_GCC_541\Debug\stdio_user.o
                0x10080a30                STDIO_PutChar
 .text.STDIO_GetChar
                0x10080a48       0x1c .\CortexM4\ARM_GCC_541\Debug\stdio_user.o
                0x10080a48                STDIO_GetChar
 .text.CapSense_Initialize
                0x10080a64       0x24 .\CortexM4\ARM_GCC_541\Debug\CapSense_Control.o
                0x10080a64                CapSense_Initialize
 .text.CapSense_Start
                0x10080a88       0x34 .\CortexM4\ARM_GCC_541\Debug\CapSense_Control.o
                0x10080a88                CapSense_Start
 .text.CapSense_ProcessAllWidgets
                0x10080abc       0x74 .\CortexM4\ARM_GCC_541\Debug\CapSense_Control.o
                0x10080abc                CapSense_ProcessAllWidgets
 .text.CapSense_DpInitialize
                0x10080b30       0x90 .\CortexM4\ARM_GCC_541\Debug\CapSense_Processing.o
                0x10080b30                CapSense_DpInitialize
 .text.CapSense_DpUpdateThresholds
                0x10080bc0       0x34 .\CortexM4\ARM_GCC_541\Debug\CapSense_Processing.o
                0x10080bc0                CapSense_DpUpdateThresholds
 .text.CapSense_DpUpdateDifferences
                0x10080bf4       0x18 .\CortexM4\ARM_GCC_541\Debug\CapSense_Processing.o
                0x10080bf4                CapSense_DpUpdateDifferences
 .text.CapSense_DpProcessCsxWidgetRawCounts
                0x10080c0c       0x48 .\CortexM4\ARM_GCC_541\Debug\CapSense_Processing.o
                0x10080c0c                CapSense_DpProcessCsxWidgetRawCounts
 .text.CapSense_DpProcessCsdWidgetRawCounts
                0x10080c54       0x84 .\CortexM4\ARM_GCC_541\Debug\CapSense_Processing.o
                0x10080c54                CapSense_DpProcessCsdWidgetRawCounts
 .text.CapSense_DpProcessButton
                0x10080cd8       0x64 .\CortexM4\ARM_GCC_541\Debug\CapSense_Processing.o
                0x10080cd8                CapSense_DpProcessButton
 .text.CapSense_DpProcessCsxWidgetStatus
                0x10080d3c       0x64 .\CortexM4\ARM_GCC_541\Debug\CapSense_Processing.o
                0x10080d3c                CapSense_DpProcessCsxWidgetStatus
 .text.CapSense_DpProcessSlider
                0x10080da0      0x12c .\CortexM4\ARM_GCC_541\Debug\CapSense_Processing.o
                0x10080da0                CapSense_DpProcessSlider
 .text.CapSense_DpProcessCsdWidgetStatus
                0x10080ecc       0x74 .\CortexM4\ARM_GCC_541\Debug\CapSense_Processing.o
                0x10080ecc                CapSense_DpProcessCsdWidgetStatus
 .text.CapSense_DsInitialize
                0x10080f40       0x7c .\CortexM4\ARM_GCC_541\Debug\CapSense_Structure.o
                0x10080f40                CapSense_DsInitialize
 .text.CapSense_IsWidgetActive
                0x10080fbc       0x28 .\CortexM4\ARM_GCC_541\Debug\CapSense_Structure.o
                0x10080fbc                CapSense_IsWidgetActive
 .text.CapSense_GetCentroidPos
                0x10080fe4       0x38 .\CortexM4\ARM_GCC_541\Debug\CapSense_Structure.o
                0x10080fe4                CapSense_GetCentroidPos
 .text.CapSense_TuInitialize
                0x1008101c       0x14 .\CortexM4\ARM_GCC_541\Debug\CapSense_Tuner.o
                0x1008101c                CapSense_TuInitialize
 .text.CapSense_FtInitializeBaselineChannel
                0x10081030       0x20 .\CortexM4\ARM_GCC_541\Debug\CapSense_Filter.o
                0x10081030                CapSense_FtInitializeBaselineChannel
 .text.CapSense_FtInitializeBaseline
                0x10081050       0x20 .\CortexM4\ARM_GCC_541\Debug\CapSense_Filter.o
                0x10081050                CapSense_FtInitializeBaseline
 .text.CapSense_InitializeSensorBaseline
                0x10081070       0x28 .\CortexM4\ARM_GCC_541\Debug\CapSense_Filter.o
                0x10081070                CapSense_InitializeSensorBaseline
 .text.CapSense_InitializeWidgetBaseline
                0x10081098       0x28 .\CortexM4\ARM_GCC_541\Debug\CapSense_Filter.o
                0x10081098                CapSense_InitializeWidgetBaseline
 .text.CapSense_InitializeAllBaselines
                0x100810c0       0x18 .\CortexM4\ARM_GCC_541\Debug\CapSense_Filter.o
                0x100810c0                CapSense_InitializeAllBaselines
 .text.CapSense_InitializeMedianInternal
                0x100810d8       0x2c .\CortexM4\ARM_GCC_541\Debug\CapSense_Filter.o
                0x100810d8                CapSense_InitializeMedianInternal
 .text.CapSense_InitializeAverageInternal
                0x10081104       0x34 .\CortexM4\ARM_GCC_541\Debug\CapSense_Filter.o
                0x10081104                CapSense_InitializeAverageInternal
 .text.CapSense_InitializeWidgetFilter
                0x10081138       0x90 .\CortexM4\ARM_GCC_541\Debug\CapSense_Filter.o
                0x10081138                CapSense_InitializeWidgetFilter
 .text.CapSense_InitializeAllFilters
                0x100811c8       0x18 .\CortexM4\ARM_GCC_541\Debug\CapSense_Filter.o
                0x100811c8                CapSense_InitializeAllFilters
 .text.CapSense_FtInitialize
                0x100811e0        0x8 .\CortexM4\ARM_GCC_541\Debug\CapSense_Filter.o
                0x100811e0                CapSense_FtInitialize
 .text.CapSense_RunAverageInternal
                0x100811e8       0x44 .\CortexM4\ARM_GCC_541\Debug\CapSense_Filter.o
                0x100811e8                CapSense_RunAverageInternal
 .text.CapSense_FtMedian
                0x1008122c       0x18 .\CortexM4\ARM_GCC_541\Debug\CapSense_Filter.o
                0x1008122c                CapSense_FtMedian
 .text.CapSense_RunMedianInternal
                0x10081244       0x4c .\CortexM4\ARM_GCC_541\Debug\CapSense_Filter.o
                0x10081244                CapSense_RunMedianInternal
 .text.CapSense_FtRunEnabledFiltersInternal
                0x10081290       0x18 .\CortexM4\ARM_GCC_541\Debug\CapSense_Filter.o
                0x10081290                CapSense_FtRunEnabledFiltersInternal
 .text.CapSense_FtIIR1stOrder
                0x100812a8       0x14 .\CortexM4\ARM_GCC_541\Debug\CapSense_Filter.o
                0x100812a8                CapSense_FtIIR1stOrder
 .text.CapSense_FtUpdateBaseline
                0x100812bc       0x8c .\CortexM4\ARM_GCC_541\Debug\CapSense_Filter.o
                0x100812bc                CapSense_FtUpdateBaseline
 .text.CapSense_SsCalcLfsrSize
                0x10081348       0xb0 .\CortexM4\ARM_GCC_541\Debug\CapSense_Sensing.o
 .text.CapSense_SsCalcLfsrScale
                0x100813f8       0x38 .\CortexM4\ARM_GCC_541\Debug\CapSense_Sensing.o
 .text.CapSense_SsDisableCSXMode
                0x10081430        0x8 .\CortexM4\ARM_GCC_541\Debug\CapSense_Sensing.o
 .text.CapSense_SsCSDDisableMode
                0x10081438       0x38 .\CortexM4\ARM_GCC_541\Debug\CapSense_Sensing.o
 .text.CapSense_IsBusy
                0x10081470       0x10 .\CortexM4\ARM_GCC_541\Debug\CapSense_Sensing.o
                0x10081470                CapSense_IsBusy
 .text.CapSense_SetBusyFlags
                0x10081480       0x18 .\CortexM4\ARM_GCC_541\Debug\CapSense_Sensing.o
                0x10081480                CapSense_SetBusyFlags
 .text.CapSense_ClrBusyFlags
                0x10081498       0x18 .\CortexM4\ARM_GCC_541\Debug\CapSense_Sensing.o
                0x10081498                CapSense_ClrBusyFlags
 .text.CapSense_SetupWidget
                0x100814b0       0x68 .\CortexM4\ARM_GCC_541\Debug\CapSense_Sensing.o
                0x100814b0                CapSense_SetupWidget
 .text.CapSense_Scan
                0x10081518       0x3c .\CortexM4\ARM_GCC_541\Debug\CapSense_Sensing.o
                0x10081518                CapSense_Scan
 .text.CapSense_ScanAllWidgets
                0x10081554       0x54 .\CortexM4\ARM_GCC_541\Debug\CapSense_Sensing.o
                0x10081554                CapSense_ScanAllWidgets
 .text.CapSense_SsSwitchSensingMode
                0x100815a8       0x50 .\CortexM4\ARM_GCC_541\Debug\CapSense_Sensing.o
                0x100815a8                CapSense_SsSwitchSensingMode
 .text.CapSense_SsSetIOsInDefaultState
                0x100815f8       0x28 .\CortexM4\ARM_GCC_541\Debug\CapSense_Sensing.o
                0x100815f8                CapSense_SsSetIOsInDefaultState
 .text.CapSense_SsPostAllWidgetsScan
                0x10081620       0x78 .\CortexM4\ARM_GCC_541\Debug\CapSense_Sensing.o
                0x10081620                CapSense_SsPostAllWidgetsScan
 .text.CapSense_SsIsrInitialize
                0x10081698       0x58 .\CortexM4\ARM_GCC_541\Debug\CapSense_Sensing.o
                0x10081698                CapSense_SsIsrInitialize
 .text.CapSense_CalibrateWidget
                0x100816f0       0x3c .\CortexM4\ARM_GCC_541\Debug\CapSense_Sensing.o
                0x100816f0                CapSense_CalibrateWidget
 .text.CapSense_CalibrateAllWidgets
                0x1008172c       0x1c .\CortexM4\ARM_GCC_541\Debug\CapSense_Sensing.o
                0x1008172c                CapSense_CalibrateAllWidgets
 .text.CapSense_SsClearCSDSensors
                0x10081748       0x4c .\CortexM4\ARM_GCC_541\Debug\CapSense_Sensing.o
                0x10081748                CapSense_SsClearCSDSensors
 .text.CapSense_SsCSDGetColSnsClkDivider
                0x10081794       0x14 .\CortexM4\ARM_GCC_541\Debug\CapSense_Sensing.o
                0x10081794                CapSense_SsCSDGetColSnsClkDivider
 .text.CapSense_SsCSDSetColSnsClkDivider
                0x100817a8       0x14 .\CortexM4\ARM_GCC_541\Debug\CapSense_Sensing.o
                0x100817a8                CapSense_SsCSDSetColSnsClkDivider
 .text.CapSense_SsCSDCalcPrsSize
                0x100817bc       0x24 .\CortexM4\ARM_GCC_541\Debug\CapSense_Sensing.o
                0x100817bc                CapSense_SsCSDCalcPrsSize
 .text.CapSense_SsSetWidgetSenseClkSrc
                0x100817e0       0x54 .\CortexM4\ARM_GCC_541\Debug\CapSense_Sensing.o
 .text.CapSense_SsAutoTune
                0x10081834      0x19c .\CortexM4\ARM_GCC_541\Debug\CapSense_Sensing.o
                0x10081834                CapSense_SsAutoTune
 .text.CapSense_SsInitializeSourceSenseClk
                0x100819d0       0x68 .\CortexM4\ARM_GCC_541\Debug\CapSense_Sensing.o
                0x100819d0                CapSense_SsInitializeSourceSenseClk
 .text.CapSense_SsInitialize
                0x10081a38       0x14 .\CortexM4\ARM_GCC_541\Debug\CapSense_Sensing.o
                0x10081a38                CapSense_SsInitialize
 .text.CapSense_BistDischargeExtCapacitors
                0x10081a4c       0xc0 .\CortexM4\ARM_GCC_541\Debug\CapSense_Sensing.o
                0x10081a4c                CapSense_BistDischargeExtCapacitors
 .text.CapSense_SsCSDPostScan
                0x10081b0c       0x54 .\CortexM4\ARM_GCC_541\Debug\CapSense_INT.o
 .text.CapSense_SsCSDInitNextScan
                0x10081b60       0xa8 .\CortexM4\ARM_GCC_541\Debug\CapSense_INT.o
 .text.CapSense_CSDPostSingleScan
                0x10081c08       0x34 .\CortexM4\ARM_GCC_541\Debug\CapSense_INT.o
                0x10081c08                CapSense_CSDPostSingleScan
 .text.CapSense_CSDPostMultiScan
                0x10081c3c       0x4c .\CortexM4\ARM_GCC_541\Debug\CapSense_INT.o
                0x10081c3c                CapSense_CSDPostMultiScan
 .text.CapSense_SsCSDSetModeSnsClockDivider
                0x10081c88       0x10 .\CortexM4\ARM_GCC_541\Debug\CapSense_SensingCSD_LL.o
 .text.CapSense_SsCSDSetFilterDelay
                0x10081c98       0x50 .\CortexM4\ARM_GCC_541\Debug\CapSense_SensingCSD_LL.o
 .text.CapSense_SsCSDConfigIDACs
                0x10081ce8       0x1c .\CortexM4\ARM_GCC_541\Debug\CapSense_SensingCSD_LL.o
 .text.CapSense_SsCSDSetSingleIdacMode
                0x10081d04       0x28 .\CortexM4\ARM_GCC_541\Debug\CapSense_SensingCSD_LL.o
 .text.CapSense_SsCSDRestoreIdacMode
                0x10081d2c       0x2c .\CortexM4\ARM_GCC_541\Debug\CapSense_SensingCSD_LL.o
 .text.CapSense_SsCSDCalibrateCheck
                0x10081d58       0x4c .\CortexM4\ARM_GCC_541\Debug\CapSense_SensingCSD_LL.o
 .text.CapSense_SsCSDCmodPrecharge
                0x10081da4       0x6c .\CortexM4\ARM_GCC_541\Debug\CapSense_SensingCSD_LL.o
 .text.CapSense_SsCSDTriggerScan
                0x10081e10       0x94 .\CortexM4\ARM_GCC_541\Debug\CapSense_SensingCSD_LL.o
 .text.CapSense_SsCSDInitialize
                0x10081ea4      0x144 .\CortexM4\ARM_GCC_541\Debug\CapSense_SensingCSD_LL.o
                0x10081ea4                CapSense_SsCSDInitialize
 .text.CapSense_SsCSDSetUpIdacs
                0x10081fe8       0x50 .\CortexM4\ARM_GCC_541\Debug\CapSense_SensingCSD_LL.o
                0x10081fe8                CapSense_SsCSDSetUpIdacs
 .text.CapSense_SsCSDGetNumberOfConversions
                0x10082038       0x30 .\CortexM4\ARM_GCC_541\Debug\CapSense_SensingCSD_LL.o
                0x10082038                CapSense_SsCSDGetNumberOfConversions
 .text.CapSense_SsCSDConfigClock
                0x10082068       0x3c .\CortexM4\ARM_GCC_541\Debug\CapSense_SensingCSD_LL.o
                0x10082068                CapSense_SsCSDConfigClock
 .text.CapSense_SsCSDCalculateScanDuration
                0x100820a4       0x18 .\CortexM4\ARM_GCC_541\Debug\CapSense_SensingCSD_LL.o
                0x100820a4                CapSense_SsCSDCalculateScanDuration
 .text.CapSense_SsCSDStartSample
                0x100820bc       0x44 .\CortexM4\ARM_GCC_541\Debug\CapSense_SensingCSD_LL.o
                0x100820bc                CapSense_SsCSDStartSample
 .text.CapSense_CSDScanExt
                0x10082100       0x14 .\CortexM4\ARM_GCC_541\Debug\CapSense_SensingCSD_LL.o
                0x10082100                CapSense_CSDScanExt
 .text.CapSense_CSDConnectSns
                0x10082114       0xa0 .\CortexM4\ARM_GCC_541\Debug\CapSense_SensingCSD_LL.o
                0x10082114                CapSense_CSDConnectSns
 .text.CapSense_CSDScan
                0x100821b4       0x74 .\CortexM4\ARM_GCC_541\Debug\CapSense_SensingCSD_LL.o
                0x100821b4                CapSense_CSDScan
 .text.CapSense_SsCSDConnectSensorExt
                0x10082228       0x24 .\CortexM4\ARM_GCC_541\Debug\CapSense_SensingCSD_LL.o
                0x10082228                CapSense_SsCSDConnectSensorExt
 .text.CapSense_CSDDisconnectSns
                0x1008224c       0xac .\CortexM4\ARM_GCC_541\Debug\CapSense_SensingCSD_LL.o
                0x1008224c                CapSense_CSDDisconnectSns
 .text.CapSense_SsCSDElectrodeCheck
                0x100822f8       0x24 .\CortexM4\ARM_GCC_541\Debug\CapSense_SensingCSD_LL.o
                0x100822f8                CapSense_SsCSDElectrodeCheck
 .text.CapSense_CSDSetupWidget
                0x1008231c       0x5c .\CortexM4\ARM_GCC_541\Debug\CapSense_SensingCSD_LL.o
                0x1008231c                CapSense_CSDSetupWidget
 .text.CapSense_CSDSetupWidgetExt
                0x10082378       0x64 .\CortexM4\ARM_GCC_541\Debug\CapSense_SensingCSD_LL.o
                0x10082378                CapSense_CSDSetupWidgetExt
 .text.CapSense_SsCSDCalibrateOneSensor
                0x100823dc       0xe8 .\CortexM4\ARM_GCC_541\Debug\CapSense_SensingCSD_LL.o
 .text.CapSense_CSDCalibrateWidget
                0x100824c4      0x11c .\CortexM4\ARM_GCC_541\Debug\CapSense_SensingCSD_LL.o
                0x100824c4                CapSense_CSDCalibrateWidget
 .text.CapSense_SsCalcCsxScanPeriod
                0x100825e0       0x10 .\CortexM4\ARM_GCC_541\Debug\CapSense_SensingCSX_LL.o
 .text.CapSense_CSXScanISR
                0x100825f0       0xd0 .\CortexM4\ARM_GCC_541\Debug\CapSense_SensingCSX_LL.o
                0x100825f0                CapSense_CSXScanISR
 .text.CapSense_SsCSXStartSample
                0x100826c0      0x14c .\CortexM4\ARM_GCC_541\Debug\CapSense_SensingCSX_LL.o
 .text.CapSense_CSXInitialize
                0x1008280c      0x160 .\CortexM4\ARM_GCC_541\Debug\CapSense_SensingCSX_LL.o
                0x1008280c                CapSense_CSXInitialize
 .text.CapSense_CSXCalibrateWidget
                0x1008296c       0xcc .\CortexM4\ARM_GCC_541\Debug\CapSense_SensingCSX_LL.o
                0x1008296c                CapSense_CSXCalibrateWidget
 .text.CapSense_CSXConnectTx
                0x10082a38       0xa0 .\CortexM4\ARM_GCC_541\Debug\CapSense_SensingCSX_LL.o
                0x10082a38                CapSense_CSXConnectTx
 .text.CapSense_CSXConnectRx
                0x10082ad8       0x9c .\CortexM4\ARM_GCC_541\Debug\CapSense_SensingCSX_LL.o
                0x10082ad8                CapSense_CSXConnectRx
 .text.CapSense_CSXScan
                0x10082b74       0x5c .\CortexM4\ARM_GCC_541\Debug\CapSense_SensingCSX_LL.o
                0x10082b74                CapSense_CSXScan
 .text.CapSense_CSXDisconnectTx
                0x10082bd0       0x64 .\CortexM4\ARM_GCC_541\Debug\CapSense_SensingCSX_LL.o
                0x10082bd0                CapSense_CSXDisconnectTx
 .text.CapSense_CSXDisconnectRx
                0x10082c34       0xac .\CortexM4\ARM_GCC_541\Debug\CapSense_SensingCSX_LL.o
                0x10082c34                CapSense_CSXDisconnectRx
 .text.CapSense_SsCSXPostMultiScan
                0x10082ce0       0xd8 .\CortexM4\ARM_GCC_541\Debug\CapSense_SensingCSX_LL.o
 .text.CapSense_CSXElectrodeCheck
                0x10082db8       0x24 .\CortexM4\ARM_GCC_541\Debug\CapSense_SensingCSX_LL.o
                0x10082db8                CapSense_CSXElectrodeCheck
 .text.CapSense_CSXSetupWidget
                0x10082ddc       0x90 .\CortexM4\ARM_GCC_541\Debug\CapSense_SensingCSX_LL.o
                0x10082ddc                CapSense_CSXSetupWidget
 .text.CapSense_SsCSXGetTxClkDivider
                0x10082e6c       0x14 .\CortexM4\ARM_GCC_541\Debug\CapSense_SensingCSX_LL.o
                0x10082e6c                CapSense_SsCSXGetTxClkDivider
 .text.CapSense_DpFindLocalMaxSd
                0x10082e80       0xd8 .\CortexM4\ARM_GCC_541\Debug\CapSense_Centroid_LL.o
                0x10082e80                CapSense_DpFindLocalMaxSd
 .text.CapSense_DpCalcLinearCentroid
                0x10082f58       0x84 .\CortexM4\ARM_GCC_541\Debug\CapSense_Centroid_LL.o
                0x10082f58                CapSense_DpCalcLinearCentroid
 .text.CapSense_InitPosFiltersSd
                0x10082fdc        0x8 .\CortexM4\ARM_GCC_541\Debug\CapSense_Centroid_LL.o
                0x10082fdc                CapSense_InitPosFiltersSd
 .text.Cy_SysInt_SetVector
                0x10082fe4       0x48 .\CortexM4\ARM_GCC_541\Debug\cy_sysint.o
                0x10082fe4                Cy_SysInt_SetVector
 .text.Cy_SysInt_Init
                0x1008302c       0x74 .\CortexM4\ARM_GCC_541\Debug\cy_sysint.o
                0x1008302c                Cy_SysInt_Init
 .text.Cy_IPC_Drv_LockRelease
                0x100830a0       0x3c .\CortexM4\ARM_GCC_541\Debug\cy_ipc_drv.o
                0x100830a0                Cy_IPC_Drv_LockRelease
 .text.Cy_IPC_Drv_SendMsgWord
                0x100830dc       0x3c .\CortexM4\ARM_GCC_541\Debug\cy_ipc_drv.o
                0x100830dc                Cy_IPC_Drv_SendMsgWord
 .text.Cy_IPC_Drv_ReadMsgWord
                0x10083118       0x38 .\CortexM4\ARM_GCC_541\Debug\cy_ipc_drv.o
                0x10083118                Cy_IPC_Drv_ReadMsgWord
 .text.Cy_IPC_Sema_InitExt
                0x10083150       0xac .\CortexM4\ARM_GCC_541\Debug\cy_ipc_sema.o
                0x10083150                Cy_IPC_Sema_InitExt
 .text.Cy_IPC_Sema_Init
                0x100831fc       0x64 .\CortexM4\ARM_GCC_541\Debug\cy_ipc_sema.o
                0x100831fc                Cy_IPC_Sema_Init
 .text.Cy_IPC_Sema_Clear
                0x10083260       0x88 .\CortexM4\ARM_GCC_541\Debug\cy_ipc_sema.o
                0x10083260                Cy_IPC_Sema_Clear
 .text.Cy_IPC_Sema_Status
                0x100832e8       0x40 .\CortexM4\ARM_GCC_541\Debug\cy_ipc_sema.o
                0x100832e8                Cy_IPC_Sema_Status
 .text.Cy_IPC_Pipe_Config
                0x10083328       0x10 .\CortexM4\ARM_GCC_541\Debug\cy_ipc_pipe.o
                0x10083328                Cy_IPC_Pipe_Config
 .text.Cy_IPC_Pipe_EndpointInit
                0x10083338       0xd0 .\CortexM4\ARM_GCC_541\Debug\cy_ipc_pipe.o
                0x10083338                Cy_IPC_Pipe_EndpointInit
 .text.Cy_IPC_Pipe_Init
                0x10083408       0xb4 .\CortexM4\ARM_GCC_541\Debug\cy_ipc_pipe.o
                0x10083408                Cy_IPC_Pipe_Init
 .text.Cy_IPC_Pipe_SendMessage
                0x100834bc       0xa4 .\CortexM4\ARM_GCC_541\Debug\cy_ipc_pipe.o
                0x100834bc                Cy_IPC_Pipe_SendMessage
 .text.Cy_IPC_Pipe_RegisterCallback
                0x10083560       0x50 .\CortexM4\ARM_GCC_541\Debug\cy_ipc_pipe.o
                0x10083560                Cy_IPC_Pipe_RegisterCallback
 .text.Cy_IPC_Pipe_RegisterCallbackRel
                0x100835b0       0x2c .\CortexM4\ARM_GCC_541\Debug\cy_ipc_pipe.o
                0x100835b0                Cy_IPC_Pipe_RegisterCallbackRel
 .text.Cy_IPC_Pipe_ExecCallback
                0x100835dc       0xbc .\CortexM4\ARM_GCC_541\Debug\cy_ipc_pipe.o
                0x100835dc                Cy_IPC_Pipe_ExecCallback
 .text.Cy_IPC_Pipe_ExecuteCallback
                0x10083698       0x2c .\CortexM4\ARM_GCC_541\Debug\cy_ipc_pipe.o
                0x10083698                Cy_IPC_Pipe_ExecuteCallback
 .text.Cy_IPC_Pipe_EndpointPause
                0x100836c4       0x54 .\CortexM4\ARM_GCC_541\Debug\cy_ipc_pipe.o
                0x100836c4                Cy_IPC_Pipe_EndpointPause
 .text.Cy_IPC_Pipe_EndpointResume
                0x10083718       0x48 .\CortexM4\ARM_GCC_541\Debug\cy_ipc_pipe.o
                0x10083718                Cy_IPC_Pipe_EndpointResume
 .text.Cy_SCB_Write
                0x10083760       0x28 .\CortexM4\ARM_GCC_541\Debug\cy_scb_common.o
                0x10083760                Cy_SCB_Write
 .text.Cy_Flash_ProcessOpcode
                0x10083788       0xac .\CortexM4\ARM_GCC_541\Debug\cy_flash.o
 .text.Cy_Flash_OperationStatus
                0x10083834       0x5c .\CortexM4\ARM_GCC_541\Debug\cy_flash.o
 .text.Cy_Flash_InitExt
                0x10083890       0x80 .\CortexM4\ARM_GCC_541\Debug\cy_flash.o
                0x10083890                Cy_Flash_InitExt
 .text.Cy_Flash_Init
                0x10083910       0x10 .\CortexM4\ARM_GCC_541\Debug\cy_flash.o
                0x10083910                Cy_Flash_Init
 .text.Cy_GPIO_Pin_FastInit
                0x10083920       0xf8 .\CortexM4\ARM_GCC_541\Debug\cy_gpio.o
                0x10083920                Cy_GPIO_Pin_FastInit
 .text.Cy_SysPm_RegisterCallback
                0x10083a18       0x5c .\CortexM4\ARM_GCC_541\Debug\cy_syspm.o
                0x10083a18                Cy_SysPm_RegisterCallback
 .text.Cy_SysPm_UnregisterCallback
                0x10083a74       0x68 .\CortexM4\ARM_GCC_541\Debug\cy_syspm.o
                0x10083a74                Cy_SysPm_UnregisterCallback
 .text.Cy_SysLib_Delay
                0x10083adc       0x30 .\CortexM4\ARM_GCC_541\Debug\cy_syslib.o
                0x10083adc                Cy_SysLib_Delay
 .text.Cy_SysLib_DelayUs
                0x10083b0c       0x14 .\CortexM4\ARM_GCC_541\Debug\cy_syslib.o
                0x10083b0c                Cy_SysLib_DelayUs
 .text.Cy_SysLib_Halt
                0x10083b20        0x4 .\CortexM4\ARM_GCC_541\Debug\cy_syslib.o
                0x10083b20                Cy_SysLib_Halt
 .text.Cy_SysLib_AssertFailed
                0x10083b24       0x1c .\CortexM4\ARM_GCC_541\Debug\cy_syslib.o
                0x10083b24                Cy_SysLib_AssertFailed
 .text.Cy_SysLib_ProcessingFault
                0x10083b40        0x4 .\CortexM4\ARM_GCC_541\Debug\cy_syslib.o
                0x10083b40                Cy_SysLib_ProcessingFault
 .text.Cy_SysLib_FaultHandler
                0x10083b44       0xa4 .\CortexM4\ARM_GCC_541\Debug\cy_syslib.o
                0x10083b44                Cy_SysLib_FaultHandler
 .text          0x10083be8       0x20 .\CortexM4\ARM_GCC_541\Debug\cy_syslib_gcc.o
                0x10083be8                Cy_SysLib_DelayCycles
                0x10083bfa                Cy_SysLib_EnterCriticalSection
                0x10083c02                Cy_SysLib_ExitCriticalSection
 .text.Cy_TCPWM_PWM_Init
                0x10083c08      0x16c .\CortexM4\ARM_GCC_541\Debug\cy_tcpwm_pwm.o
                0x10083c08                Cy_TCPWM_PWM_Init
 .text.Cy_PDL_Init
                0x10083d74        0xc .\CortexM4\ARM_GCC_541\Debug\cy_device.o
                0x10083d74                Cy_PDL_Init
 .text.Cy_BLE_DeepSleepCallback
                0x10083d80       0x88 .\CortexM4\ARM_GCC_541\Debug\cy_ble.o
                0x10083d80                Cy_BLE_DeepSleepCallback
 .text.Cy_BLE_SleepCallback
                0x10083e08       0x64 .\CortexM4\ARM_GCC_541\Debug\cy_ble.o
                0x10083e08                Cy_BLE_SleepCallback
 .text.Cy_BLE_UnregisterHostPMCallbacks
                0x10083e6c       0x18 .\CortexM4\ARM_GCC_541\Debug\cy_ble.o
                0x10083e6c                Cy_BLE_UnregisterHostPMCallbacks
 .text.Cy_BLE_Init
                0x10083e84       0x54 .\CortexM4\ARM_GCC_541\Debug\cy_ble.o
                0x10083e84                Cy_BLE_Init
 .text.Cy_BLE_Enable
                0x10083ed8      0x134 .\CortexM4\ARM_GCC_541\Debug\cy_ble.o
                0x10083ed8                Cy_BLE_Enable
 .text.Cy_BLE_RegisterAppHostCallback
                0x1008400c       0x18 .\CortexM4\ARM_GCC_541\Debug\cy_ble.o
                0x1008400c                Cy_BLE_RegisterAppHostCallback
 .text.Cy_BLE_IPC_HostMsgFlushRecvCallBack
                0x10084024       0x1c .\CortexM4\ARM_GCC_541\Debug\cy_ble_hal_pvt.o
 .text.Cy_BLE_IPC_HostMsgRecvCallBack
                0x10084040       0x1c .\CortexM4\ARM_GCC_541\Debug\cy_ble_hal_pvt.o
 .text.Cy_BLE_HAL_BlockCalcCRC8
                0x1008405c       0x34 .\CortexM4\ARM_GCC_541\Debug\cy_ble_hal_pvt.o
                0x1008405c                Cy_BLE_HAL_BlockCalcCRC8
 .text.Cy_BLE_HAL_CalcCRC8
                0x10084090        0xc .\CortexM4\ARM_GCC_541\Debug\cy_ble_hal_pvt.o
                0x10084090                Cy_BLE_HAL_CalcCRC8
 .text.Cy_BLE_HAL_EnterCriticalSection
                0x1008409c        0x8 .\CortexM4\ARM_GCC_541\Debug\cy_ble_hal_pvt.o
                0x1008409c                Cy_BLE_HAL_EnterCriticalSection
 .text.Cy_BLE_HAL_ExitCriticalSection
                0x100840a4        0x8 .\CortexM4\ARM_GCC_541\Debug\cy_ble_hal_pvt.o
                0x100840a4                Cy_BLE_HAL_ExitCriticalSection
 .text.Cy_BLE_HAL_EnableHostIpcPipeInterrupt
                0x100840ac        0xc .\CortexM4\ARM_GCC_541\Debug\cy_ble_hal_pvt.o
                0x100840ac                Cy_BLE_HAL_EnableHostIpcPipeInterrupt
 .text.Cy_BLE_HAL_DisableHostIpcPipeInterrupt
                0x100840b8        0xc .\CortexM4\ARM_GCC_541\Debug\cy_ble_hal_pvt.o
                0x100840b8                Cy_BLE_HAL_DisableHostIpcPipeInterrupt
 .text.Cy_BLE_IPC_HostRegisterClientCallbacks
                0x100840c4       0x34 .\CortexM4\ARM_GCC_541\Debug\cy_ble_hal_pvt.o
                0x100840c4                Cy_BLE_IPC_HostRegisterClientCallbacks
 .text.Cy_BLE_IPC_SendMessageToController
                0x100840f8       0x20 .\CortexM4\ARM_GCC_541\Debug\cy_ble_hal_pvt.o
                0x100840f8                Cy_BLE_IPC_SendMessageToController
 .text.Cy_BLE_HAL_EccHeapInit
                0x10084118        0x4 .\CortexM4\ARM_GCC_541\Debug\cy_ble_hal_pvt.o
                0x10084118                Cy_BLE_HAL_EccHeapInit
 .text.Cy_BLE_HAL_EccHeapDeInit
                0x1008411c        0x4 .\CortexM4\ARM_GCC_541\Debug\cy_ble_hal_pvt.o
                0x1008411c                Cy_BLE_HAL_EccHeapDeInit
 .text.Cy_BLE_HAL_EccGetFeatureHeapReq
                0x10084120        0x4 .\CortexM4\ARM_GCC_541\Debug\cy_ble_hal_pvt.o
                0x10084120                Cy_BLE_HAL_EccGetFeatureHeapReq
 .text.Cy_BLE_HAL_PairingLocalPublicKeyHandler
                0x10084124        0x8 .\CortexM4\ARM_GCC_541\Debug\cy_ble_hal_pvt.o
                0x10084124                Cy_BLE_HAL_PairingLocalPublicKeyHandler
 .text.Cy_BLE_HAL_PairingRemoteKeyHandler
                0x1008412c        0x8 .\CortexM4\ARM_GCC_541\Debug\cy_ble_hal_pvt.o
                0x1008412c                Cy_BLE_HAL_PairingRemoteKeyHandler
 .text.Cy_BLE_HAL_PairingDhkeyHandler
                0x10084134        0x8 .\CortexM4\ARM_GCC_541\Debug\cy_ble_hal_pvt.o
                0x10084134                Cy_BLE_HAL_PairingDhkeyHandler
 .text.Cy_BLE_HAL_PairingDhkeyCheckHandler
                0x1008413c        0x8 .\CortexM4\ARM_GCC_541\Debug\cy_ble_hal_pvt.o
                0x1008413c                Cy_BLE_HAL_PairingDhkeyCheckHandler
 .text.Cy_BLE_HAL_PairingKeypressNotificationHandler
                0x10084144        0x8 .\CortexM4\ARM_GCC_541\Debug\cy_ble_hal_pvt.o
                0x10084144                Cy_BLE_HAL_PairingKeypressNotificationHandler
 .text.Cy_BLE_HAL_PairingRandHandler
                0x1008414c        0x8 .\CortexM4\ARM_GCC_541\Debug\cy_ble_hal_pvt.o
                0x1008414c                Cy_BLE_HAL_PairingRandHandler
 .text.Cy_BLE_HAL_PairingConfirmHandler
                0x10084154        0x8 .\CortexM4\ARM_GCC_541\Debug\cy_ble_hal_pvt.o
                0x10084154                Cy_BLE_HAL_PairingConfirmHandler
 .text.Cy_BLE_HAL_PairingLrConfirmingHandler
                0x1008415c        0x8 .\CortexM4\ARM_GCC_541\Debug\cy_ble_hal_pvt.o
                0x1008415c                Cy_BLE_HAL_PairingLrConfirmingHandler
 .text.Cy_BLE_HAL_PairingScTbxLocalPubkeyGenerateComplete
                0x10084164        0x8 .\CortexM4\ARM_GCC_541\Debug\cy_ble_hal_pvt.o
                0x10084164                Cy_BLE_HAL_PairingScTbxLocalPubkeyGenerateComplete
 .text.Cy_BLE_HAL_PairingScTbxGenerateLocalP256PublicKey
                0x1008416c        0x8 .\CortexM4\ARM_GCC_541\Debug\cy_ble_hal_pvt.o
                0x1008416c                Cy_BLE_HAL_PairingScTbxGenerateLocalP256PublicKey
 .text.Cy_BLE_HAL_SeSmpScUserPasskeyHandler
                0x10084174        0x8 .\CortexM4\ARM_GCC_541\Debug\cy_ble_hal_pvt.o
                0x10084174                Cy_BLE_HAL_SeSmpScUserPasskeyHandler
 .text.Cy_BLE_HAL_EccPointMult
                0x1008417c        0x4 .\CortexM4\ARM_GCC_541\Debug\cy_ble_hal_pvt.o
                0x1008417c                Cy_BLE_HAL_EccPointMult
 .text.Cy_BLE_ServiceInit
                0x10084180       0x10 .\CortexM4\ARM_GCC_541\Debug\cy_ble_gap.o
                0x10084180                Cy_BLE_ServiceInit
 .text.Cy_BLE_GAPP_StartAdvertisement
                0x10084190      0x120 .\CortexM4\ARM_GCC_541\Debug\cy_ble_gap.o
                0x10084190                Cy_BLE_GAPP_StartAdvertisement
 .text.Cy_BLE_ChangeAdDeviceAddress
                0x100842b0       0x5c .\CortexM4\ARM_GCC_541\Debug\cy_ble_gap.o
                0x100842b0                Cy_BLE_ChangeAdDeviceAddress
 .text.Cy_BLE_GATTS_WriteAttributeValueCCCD
                0x1008430c       0x6c .\CortexM4\ARM_GCC_541\Debug\cy_ble_gatt.o
                0x1008430c                Cy_BLE_GATTS_WriteAttributeValueCCCD
 .text.Cy_BLE_GATTS_WriteEventHandler
                0x10084378       0x84 .\CortexM4\ARM_GCC_541\Debug\cy_ble_gatt.o
                0x10084378                Cy_BLE_GATTS_WriteEventHandler
 .text.Cy_BLE_GATTS_ReadAttributeValueCCCD
                0x100843fc       0x54 .\CortexM4\ARM_GCC_541\Debug\cy_ble_gatt.o
                0x100843fc                Cy_BLE_GATTS_ReadAttributeValueCCCD
 .text.Cy_BLE_GATTS_ReadAttributeValueCCCDReqHandler
                0x10084450       0x58 .\CortexM4\ARM_GCC_541\Debug\cy_ble_gatt.o
                0x10084450                Cy_BLE_GATTS_ReadAttributeValueCCCDReqHandler
 .text.Cy_BLE_SendWriteResponse
                0x100844a8       0x44 .\CortexM4\ARM_GCC_541\Debug\cy_ble_event_handler.o
 .text.Cy_BLE_RegisterServiceEventHandler
                0x100844ec       0x5c .\CortexM4\ARM_GCC_541\Debug\cy_ble_event_handler.o
                0x100844ec                Cy_BLE_RegisterServiceEventHandler
 .text.Cy_BLE_InvokeServiceEventHandler
                0x10084548       0x38 .\CortexM4\ARM_GCC_541\Debug\cy_ble_event_handler.o
                0x10084548                Cy_BLE_InvokeServiceEventHandler
 .text.Cy_BLE_IsDeviceAddressValid
                0x10084580       0x20 .\CortexM4\ARM_GCC_541\Debug\cy_ble_event_handler.o
                0x10084580                Cy_BLE_IsDeviceAddressValid
 .text.Cy_BLE_EventHandler
                0x100845a0      0x728 .\CortexM4\ARM_GCC_541\Debug\cy_ble_event_handler.o
                0x100845a0                Cy_BLE_EventHandler
 .text.Cy_BLE_IASS_WriteCmdEventHandler
                0x10084cc8       0x80 .\CortexM4\ARM_GCC_541\Debug\cy_ble_ias.o
 .text.Cy_BLE_IASS_DisconnectEventHandler
                0x10084d48       0x3c .\CortexM4\ARM_GCC_541\Debug\cy_ble_ias.o
 .text.Cy_BLE_IAS_EventHandler
                0x10084d84       0x30 .\CortexM4\ARM_GCC_541\Debug\cy_ble_ias.o
 .text.Cy_BLE_IAS_Init
                0x10084db4       0x2c .\CortexM4\ARM_GCC_541\Debug\cy_ble_ias.o
                0x10084db4                Cy_BLE_IAS_Init
 .text.Cy_BLE_IAS_RegisterAttrCallback
                0x10084de0       0x1c .\CortexM4\ARM_GCC_541\Debug\cy_ble_ias.o
                0x10084de0                Cy_BLE_IAS_RegisterAttrCallback
 .text.Cy_BLE_IASS_GetCharacteristicValue
                0x10084dfc       0x54 .\CortexM4\ARM_GCC_541\Debug\cy_ble_ias.o
                0x10084dfc                Cy_BLE_IASS_GetCharacteristicValue
 .text.vListInitialise
                0x10084e50       0x18 .\CortexM4\ARM_GCC_541\Debug\list.o
                0x10084e50                vListInitialise
 .text.vListInitialiseItem
                0x10084e68        0x8 .\CortexM4\ARM_GCC_541\Debug\list.o
                0x10084e68                vListInitialiseItem
 .text.vListInsertEnd
                0x10084e70       0x18 .\CortexM4\ARM_GCC_541\Debug\list.o
                0x10084e70                vListInsertEnd
 .text.vListInsert
                0x10084e88       0x34 .\CortexM4\ARM_GCC_541\Debug\list.o
                0x10084e88                vListInsert
 .text.uxListRemove
                0x10084ebc       0x28 .\CortexM4\ARM_GCC_541\Debug\list.o
                0x10084ebc                uxListRemove
 .text.prvIsQueueFull
                0x10084ee4       0x20 .\CortexM4\ARM_GCC_541\Debug\queue.o
 .text.prvIsQueueEmpty
                0x10084f04       0x1c .\CortexM4\ARM_GCC_541\Debug\queue.o
 .text.prvCopyDataToQueue
                0x10084f20       0x54 .\CortexM4\ARM_GCC_541\Debug\queue.o
 .text.prvCopyDataFromQueue
                0x10084f74       0x24 .\CortexM4\ARM_GCC_541\Debug\queue.o
 .text.prvUnlockQueue
                0x10084f98       0x68 .\CortexM4\ARM_GCC_541\Debug\queue.o
 .text.xQueueGenericReset
                0x10085000       0x80 .\CortexM4\ARM_GCC_541\Debug\queue.o
                0x10085000                xQueueGenericReset
 .text.prvInitialiseNewQueue
                0x10085080       0x1c .\CortexM4\ARM_GCC_541\Debug\queue.o
 .text.xQueueGenericCreate
                0x1008509c       0x4c .\CortexM4\ARM_GCC_541\Debug\queue.o
                0x1008509c                xQueueGenericCreate
 .text.xQueueCreateCountingSemaphore
                0x100850e8       0x40 .\CortexM4\ARM_GCC_541\Debug\queue.o
                0x100850e8                xQueueCreateCountingSemaphore
 .text.xQueueGenericSend
                0x10085128      0x190 .\CortexM4\ARM_GCC_541\Debug\queue.o
                0x10085128                xQueueGenericSend
 .text.xQueueGenericSendFromISR
                0x100852b8       0xe4 .\CortexM4\ARM_GCC_541\Debug\queue.o
                0x100852b8                xQueueGenericSendFromISR
 .text.xQueueGiveFromISR
                0x1008539c       0xbc .\CortexM4\ARM_GCC_541\Debug\queue.o
                0x1008539c                xQueueGiveFromISR
 .text.xQueueReceive
                0x10085458      0x158 .\CortexM4\ARM_GCC_541\Debug\queue.o
                0x10085458                xQueueReceive
 .text.xQueueSemaphoreTake
                0x100855b0      0x140 .\CortexM4\ARM_GCC_541\Debug\queue.o
                0x100855b0                xQueueSemaphoreTake
 .text.vQueueAddToRegistry
                0x100856f0       0x28 .\CortexM4\ARM_GCC_541\Debug\queue.o
                0x100856f0                vQueueAddToRegistry
 .text.vQueueWaitForMessageRestricted
                0x10085718       0x4c .\CortexM4\ARM_GCC_541\Debug\queue.o
                0x10085718                vQueueWaitForMessageRestricted
 .text.prvResetNextTaskUnblockTime
                0x10085764       0x2c .\CortexM4\ARM_GCC_541\Debug\tasks.o
 .text.prvDeleteTCB
                0x10085790       0x14 .\CortexM4\ARM_GCC_541\Debug\tasks.o
 .text.prvInitialiseNewTask
                0x100857a4       0xa0 .\CortexM4\ARM_GCC_541\Debug\tasks.o
 .text.prvInitialiseTaskLists
                0x10085844       0x58 .\CortexM4\ARM_GCC_541\Debug\tasks.o
 .text.prvAddNewTaskToReadyList
                0x1008589c       0xac .\CortexM4\ARM_GCC_541\Debug\tasks.o
 .text.prvCheckTasksWaitingTermination
                0x10085948       0x44 .\CortexM4\ARM_GCC_541\Debug\tasks.o
 .text.prvIdleTask
                0x1008598c       0x28 .\CortexM4\ARM_GCC_541\Debug\tasks.o
 .text.prvAddCurrentTaskToDelayedList
                0x100859b4       0x68 .\CortexM4\ARM_GCC_541\Debug\tasks.o
 .text.xTaskCreate
                0x10085a1c       0x64 .\CortexM4\ARM_GCC_541\Debug\tasks.o
                0x10085a1c                xTaskCreate
 .text.vTaskStartScheduler
                0x10085a80       0x7c .\CortexM4\ARM_GCC_541\Debug\tasks.o
                0x10085a80                vTaskStartScheduler
 .text.vTaskSuspendAll
                0x10085afc       0x14 .\CortexM4\ARM_GCC_541\Debug\tasks.o
                0x10085afc                vTaskSuspendAll
 .text.xTaskGetTickCount
                0x10085b10        0xc .\CortexM4\ARM_GCC_541\Debug\tasks.o
                0x10085b10                xTaskGetTickCount
 .text.xTaskIncrementTick
                0x10085b1c       0xfc .\CortexM4\ARM_GCC_541\Debug\tasks.o
                0x10085b1c                xTaskIncrementTick
 .text.xTaskResumeAll
                0x10085c18       0xf0 .\CortexM4\ARM_GCC_541\Debug\tasks.o
                0x10085c18                xTaskResumeAll
 .text.vTaskDelay
                0x10085d08       0x50 .\CortexM4\ARM_GCC_541\Debug\tasks.o
                0x10085d08                vTaskDelay
 .text.vTaskSwitchContext
                0x10085d58       0xc8 .\CortexM4\ARM_GCC_541\Debug\tasks.o
                0x10085d58                vTaskSwitchContext
 .text.vTaskPlaceOnEventList
                0x10085e20       0x34 .\CortexM4\ARM_GCC_541\Debug\tasks.o
                0x10085e20                vTaskPlaceOnEventList
 .text.vTaskPlaceOnEventListRestricted
                0x10085e54       0x3c .\CortexM4\ARM_GCC_541\Debug\tasks.o
                0x10085e54                vTaskPlaceOnEventListRestricted
 .text.xTaskRemoveFromEventList
                0x10085e90       0x88 .\CortexM4\ARM_GCC_541\Debug\tasks.o
                0x10085e90                xTaskRemoveFromEventList
 .text.vTaskInternalSetTimeOutState
                0x10085f18       0x14 .\CortexM4\ARM_GCC_541\Debug\tasks.o
                0x10085f18                vTaskInternalSetTimeOutState
 .text.xTaskCheckForTimeOut
                0x10085f2c       0x80 .\CortexM4\ARM_GCC_541\Debug\tasks.o
                0x10085f2c                xTaskCheckForTimeOut
 .text.vTaskMissedYield
                0x10085fac       0x10 .\CortexM4\ARM_GCC_541\Debug\tasks.o
                0x10085fac                vTaskMissedYield
 .text.xTaskGetSchedulerState
                0x10085fbc       0x20 .\CortexM4\ARM_GCC_541\Debug\tasks.o
                0x10085fbc                xTaskGetSchedulerState
 .text.ulTaskNotifyTake
                0x10085fdc       0x80 .\CortexM4\ARM_GCC_541\Debug\tasks.o
                0x10085fdc                ulTaskNotifyTake
 .text.vTaskNotifyGiveFromISR
                0x1008605c       0xcc .\CortexM4\ARM_GCC_541\Debug\tasks.o
                0x1008605c                vTaskNotifyGiveFromISR
 .text.prvGetNextExpireTime
                0x10086128       0x20 .\CortexM4\ARM_GCC_541\Debug\timers.o
 .text.prvInsertTimerInActiveList
                0x10086148       0x44 .\CortexM4\ARM_GCC_541\Debug\timers.o
 .text.prvCheckForValidListAndQueue
                0x1008618c       0x48 .\CortexM4\ARM_GCC_541\Debug\timers.o
 .text.xTimerCreateTimerTask
                0x100861d4       0x50 .\CortexM4\ARM_GCC_541\Debug\timers.o
                0x100861d4                xTimerCreateTimerTask
 .text.xTimerGenericCommand
                0x10086224       0x6c .\CortexM4\ARM_GCC_541\Debug\timers.o
                0x10086224                xTimerGenericCommand
 .text.prvSwitchTimerLists
                0x10086290       0x74 .\CortexM4\ARM_GCC_541\Debug\timers.o
 .text.prvSampleTimeNow
                0x10086304       0x2c .\CortexM4\ARM_GCC_541\Debug\timers.o
 .text.prvProcessExpiredTimer
                0x10086330       0x5c .\CortexM4\ARM_GCC_541\Debug\timers.o
 .text.prvProcessTimerOrBlockTask
                0x1008638c       0x70 .\CortexM4\ARM_GCC_541\Debug\timers.o
 .text.prvProcessReceivedCommands
                0x100863fc       0xbc .\CortexM4\ARM_GCC_541\Debug\timers.o
 .text.prvTimerTask
                0x100864b8       0x18 .\CortexM4\ARM_GCC_541\Debug\timers.o
 .text.prvTaskExitError
                0x100864d0       0x40 .\CortexM4\ARM_GCC_541\Debug\port.o
 .text.prvPortStartFirstTask
                0x10086510       0x28 .\CortexM4\ARM_GCC_541\Debug\port.o
 .text.vPortEnableVFP
                0x10086538       0x14 .\CortexM4\ARM_GCC_541\Debug\port.o
 .text.pxPortInitialiseStack
                0x1008654c       0x2c .\CortexM4\ARM_GCC_541\Debug\port.o
                0x1008654c                pxPortInitialiseStack
 *fill*         0x10086578        0x8 
 .text.SVC_Handler
                0x10086580       0x24 .\CortexM4\ARM_GCC_541\Debug\port.o
                0x10086580                SVC_Handler
 .text.vPortEnterCritical
                0x100865a4       0x44 .\CortexM4\ARM_GCC_541\Debug\port.o
                0x100865a4                vPortEnterCritical
 .text.vPortExitCritical
                0x100865e8       0x2c .\CortexM4\ARM_GCC_541\Debug\port.o
                0x100865e8                vPortExitCritical
 *fill*         0x10086614        0xc 
 .text.PendSV_Handler
                0x10086620       0x64 .\CortexM4\ARM_GCC_541\Debug\port.o
                0x10086620                PendSV_Handler
 .text.SysTick_Handler
                0x10086684       0x2c .\CortexM4\ARM_GCC_541\Debug\port.o
                0x10086684                SysTick_Handler
 .text.vPortSetupTimerInterrupt
                0x100866b0       0x38 .\CortexM4\ARM_GCC_541\Debug\port.o
                0x100866b0                vPortSetupTimerInterrupt
 .text.xPortStartScheduler
                0x100866e8       0xe0 .\CortexM4\ARM_GCC_541\Debug\port.o
                0x100866e8                xPortStartScheduler
 .text.vPortValidateInterruptPriority
                0x100867c8       0x58 .\CortexM4\ARM_GCC_541\Debug\port.o
                0x100867c8                vPortValidateInterruptPriority
 .text.pvPortMalloc
                0x10086820       0x60 .\CortexM4\ARM_GCC_541\Debug\heap_1.o
                0x10086820                pvPortMalloc
 .text.vPortFree
                0x10086880       0x18 .\CortexM4\ARM_GCC_541\Debug\heap_1.o
                0x10086880                vPortFree
 .text._write   0x10086898       0x24 .\CortexM4\ARM_GCC_541\Debug\retarget.o
                0x10086898                _write
 .text._read    0x100868bc       0x2c .\CortexM4\ARM_GCC_541\Debug\retarget.o
                0x100868bc                _read
 .text.PWM_Red_Start
                0x100868e8       0x30 .\CortexM4\ARM_GCC_541\Debug\PWM_Red.o
                0x100868e8                PWM_Red_Start
 .text.Cy_BLE_Start
                0x10086918       0x38 .\CortexM4\ARM_GCC_541\Debug\BLE.o
                0x10086918                Cy_BLE_Start
 .text.SmartSense_TunePrescalers
                0x10086950       0x4c C:\Program Files (x86)\Cypress\PSoC Creator\4.4\PSoC Creator\psoc\content\CyComponentLibrary\CyComponentLibrary.cylib\CapSense_v3_0\Library\CapSense_Library_GCC_M4.a(CapSense_SmartSense_LL.o)
                0x10086950                SmartSense_TunePrescalers
 .text.SmartSense_TuneSensitivity
                0x1008699c       0x64 C:\Program Files (x86)\Cypress\PSoC Creator\4.4\PSoC Creator\psoc\content\CyComponentLibrary\CyComponentLibrary.cylib\CapSense_v3_0\Library\CapSense_Library_GCC_M4.a(CapSense_SmartSense_LL.o)
                0x1008699c                SmartSense_TuneSensitivity
 .text.SmartSense_UpdateThresholds
                0x10086a00       0x38 C:\Program Files (x86)\Cypress\PSoC Creator\4.4\PSoC Creator\psoc\content\CyComponentLibrary\CyComponentLibrary.cylib\CapSense_v3_0\Library\CapSense_Library_GCC_M4.a(CapSense_SmartSense_SL.o)
                0x10086a00                SmartSense_UpdateThresholds
 .text.SmartSense_InitializeNoiseEnvelope
                0x10086a38       0x18 C:\Program Files (x86)\Cypress\PSoC Creator\4.4\PSoC Creator\psoc\content\CyComponentLibrary\CyComponentLibrary.cylib\CapSense_v3_0\Library\CapSense_Library_GCC_M4.a(CapSense_SmartSense_SL.o)
                0x10086a38                SmartSense_InitializeNoiseEnvelope
 .text.SmartSense_RunNoiseEnvelope
                0x10086a50       0x8a C:\Program Files (x86)\Cypress\PSoC Creator\4.4\PSoC Creator\psoc\content\CyComponentLibrary\CyComponentLibrary.cylib\CapSense_v3_0\Library\CapSense_Library_GCC_M4.a(CapSense_SmartSense_SL.o)
                0x10086a50                SmartSense_RunNoiseEnvelope
 *fill*         0x10086ada        0x2 
 .text          0x10086adc      0x370 c:/program files (x86)/cypress/psoc creator/4.4/psoc creator/import/gnu/arm/5.4.1/bin/../lib/gcc/arm-none-eabi/5.4.1/armv7e-m/softfp\libgcc.a(_arm_addsubdf3.o)
                0x10086adc                __aeabi_drsub
                0x10086ae4                __aeabi_dsub
                0x10086ae4                __subdf3
                0x10086ae8                __aeabi_dadd
                0x10086ae8                __adddf3
                0x10086d60                __floatunsidf
                0x10086d60                __aeabi_ui2d
                0x10086d80                __floatsidf
                0x10086d80                __aeabi_i2d
                0x10086da4                __aeabi_f2d
                0x10086da4                __extendsfdf2
                0x10086de0                __floatundidf
                0x10086de0                __aeabi_ul2d
                0x10086df0                __floatdidf
                0x10086df0                __aeabi_l2d
 .text          0x10086e4c      0x424 c:/program files (x86)/cypress/psoc creator/4.4/psoc creator/import/gnu/arm/5.4.1/bin/../lib/gcc/arm-none-eabi/5.4.1/armv7e-m/softfp\libgcc.a(_arm_muldivdf3.o)
                0x10086e4c                __aeabi_dmul
                0x10086e4c                __muldf3
                0x100870a0                __divdf3
                0x100870a0                __aeabi_ddiv
 .text.memcmp   0x10087270       0x1e c:/program files (x86)/cypress/psoc creator/4.4/psoc creator/import/gnu/arm/5.4.1/bin/../lib/gcc/arm-none-eabi/5.4.1/../../../../arm-none-eabi/lib/armv7e-m/softfp\libg_nano.a(lib_a-memcmp.o)
                0x10087270                memcmp
 .text.memcpy   0x1008728e       0x16 c:/program files (x86)/cypress/psoc creator/4.4/psoc creator/import/gnu/arm/5.4.1/bin/../lib/gcc/arm-none-eabi/5.4.1/../../../../arm-none-eabi/lib/armv7e-m/softfp\libg_nano.a(lib_a-memcpy-stub.o)
                0x1008728e                memcpy
 .text.memset   0x100872a4       0x10 c:/program files (x86)/cypress/psoc creator/4.4/psoc creator/import/gnu/arm/5.4.1/bin/../lib/gcc/arm-none-eabi/5.4.1/../../../../arm-none-eabi/lib/armv7e-m/softfp\libg_nano.a(lib_a-memset.o)
                0x100872a4                memset
 .text.__cvt    0x100872b4       0xc2 c:/program files (x86)/cypress/psoc creator/4.4/psoc creator/import/gnu/arm/5.4.1/bin/../lib/gcc/arm-none-eabi/5.4.1/../../../../arm-none-eabi/lib/armv7e-m/softfp\libg_nano.a(lib_a-nano-vfprintf_float.o)
                0x100872b4                __cvt
 .text.__exponent
                0x10087376       0x60 c:/program files (x86)/cypress/psoc creator/4.4/psoc creator/import/gnu/arm/5.4.1/bin/../lib/gcc/arm-none-eabi/5.4.1/../../../../arm-none-eabi/lib/armv7e-m/softfp\libg_nano.a(lib_a-nano-vfprintf_float.o)
                0x10087376                __exponent
 *fill*         0x100873d6        0x2 
 .text._printf_float
                0x100873d8      0x488 c:/program files (x86)/cypress/psoc creator/4.4/psoc creator/import/gnu/arm/5.4.1/bin/../lib/gcc/arm-none-eabi/5.4.1/../../../../arm-none-eabi/lib/armv7e-m/softfp\libg_nano.a(lib_a-nano-vfprintf_float.o)
                0x100873d8                _printf_float
 .text._printf_common
                0x10087860       0xec c:/program files (x86)/cypress/psoc creator/4.4/psoc creator/import/gnu/arm/5.4.1/bin/../lib/gcc/arm-none-eabi/5.4.1/../../../../arm-none-eabi/lib/armv7e-m/softfp\libg_nano.a(lib_a-nano-vfprintf_i.o)
                0x10087860                _printf_common
 .text._printf_i
                0x1008794c      0x24c c:/program files (x86)/cypress/psoc creator/4.4/psoc creator/import/gnu/arm/5.4.1/bin/../lib/gcc/arm-none-eabi/5.4.1/../../../../arm-none-eabi/lib/armv7e-m/softfp\libg_nano.a(lib_a-nano-vfprintf_i.o)
                0x1008794c                _printf_i
 .text.printf   0x10087b98       0x30 c:/program files (x86)/cypress/psoc creator/4.4/psoc creator/import/gnu/arm/5.4.1/bin/../lib/gcc/arm-none-eabi/5.4.1/../../../../arm-none-eabi/lib/armv7e-m/softfp\libg_nano.a(lib_a-printf.o)
                0x10087b98                iprintf
                0x10087b98                printf
 .text._puts_r  0x10087bc8       0xb4 c:/program files (x86)/cypress/psoc creator/4.4/psoc creator/import/gnu/arm/5.4.1/bin/../lib/gcc/arm-none-eabi/5.4.1/../../../../arm-none-eabi/lib/armv7e-m/softfp\libg_nano.a(lib_a-puts.o)
                0x10087bc8                _puts_r
 .text.puts     0x10087c7c       0x10 c:/program files (x86)/cypress/psoc creator/4.4/psoc creator/import/gnu/arm/5.4.1/bin/../lib/gcc/arm-none-eabi/5.4.1/../../../../arm-none-eabi/lib/armv7e-m/softfp\libg_nano.a(lib_a-puts.o)
                0x10087c7c                puts
 .text          0x10087c8c       0x10 c:/program files (x86)/cypress/psoc creator/4.4/psoc creator/import/gnu/arm/5.4.1/bin/../lib/gcc/arm-none-eabi/5.4.1/../../../../arm-none-eabi/lib/armv7e-m/softfp\libg_nano.a(lib_a-strlen.o)
                0x10087c8c                strlen
 .text.strncpy  0x10087c9c       0x26 c:/program files (x86)/cypress/psoc creator/4.4/psoc creator/import/gnu/arm/5.4.1/bin/../lib/gcc/arm-none-eabi/5.4.1/../../../../arm-none-eabi/lib/armv7e-m/softfp\libg_nano.a(lib_a-strncpy.o)
                0x10087c9c                strncpy
 *fill*         0x10087cc2        0x2 
 .text.__swbuf_r
                0x10087cc4       0xa8 c:/program files (x86)/cypress/psoc creator/4.4/psoc creator/import/gnu/arm/5.4.1/bin/../lib/gcc/arm-none-eabi/5.4.1/../../../../arm-none-eabi/lib/armv7e-m/softfp\libg_nano.a(lib_a-wbuf.o)
                0x10087cc4                __swbuf_r
 .text.__swsetup_r
                0x10087d6c       0xdc c:/program files (x86)/cypress/psoc creator/4.4/psoc creator/import/gnu/arm/5.4.1/bin/../lib/gcc/arm-none-eabi/5.4.1/../../../../arm-none-eabi/lib/armv7e-m/softfp\libg_nano.a(lib_a-wsetup.o)
                0x10087d6c                __swsetup_r
 .text.quorem   0x10087e48      0x11e c:/program files (x86)/cypress/psoc creator/4.4/psoc creator/import/gnu/arm/5.4.1/bin/../lib/gcc/arm-none-eabi/5.4.1/../../../../arm-none-eabi/lib/armv7e-m/softfp\libg_nano.a(lib_a-dtoa.o)
 *fill*         0x10087f66        0x2 
 .text._dtoa_r  0x10087f68      0xb38 c:/program files (x86)/cypress/psoc creator/4.4/psoc creator/import/gnu/arm/5.4.1/bin/../lib/gcc/arm-none-eabi/5.4.1/../../../../arm-none-eabi/lib/armv7e-m/softfp\libg_nano.a(lib_a-dtoa.o)
                0x10087f68                _dtoa_r
 .text.__sflush_r
                0x10088aa0      0x110 c:/program files (x86)/cypress/psoc creator/4.4/psoc creator/import/gnu/arm/5.4.1/bin/../lib/gcc/arm-none-eabi/5.4.1/../../../../arm-none-eabi/lib/armv7e-m/softfp\libg_nano.a(lib_a-fflush.o)
                0x10088aa0                __sflush_r
 .text._fflush_r
                0x10088bb0       0x54 c:/program files (x86)/cypress/psoc creator/4.4/psoc creator/import/gnu/arm/5.4.1/bin/../lib/gcc/arm-none-eabi/5.4.1/../../../../arm-none-eabi/lib/armv7e-m/softfp\libg_nano.a(lib_a-fflush.o)
                0x10088bb0                _fflush_r
 .text._cleanup_r
                0x10088c04        0xc c:/program files (x86)/cypress/psoc creator/4.4/psoc creator/import/gnu/arm/5.4.1/bin/../lib/gcc/arm-none-eabi/5.4.1/../../../../arm-none-eabi/lib/armv7e-m/softfp\libg_nano.a(lib_a-findfp.o)
                0x10088c04                _cleanup_r
 .text.std.isra.0
                0x10088c10       0x48 c:/program files (x86)/cypress/psoc creator/4.4/psoc creator/import/gnu/arm/5.4.1/bin/../lib/gcc/arm-none-eabi/5.4.1/../../../../arm-none-eabi/lib/armv7e-m/softfp\libg_nano.a(lib_a-findfp.o)
 .text.__sfmoreglue
                0x10088c58       0x2c c:/program files (x86)/cypress/psoc creator/4.4/psoc creator/import/gnu/arm/5.4.1/bin/../lib/gcc/arm-none-eabi/5.4.1/../../../../arm-none-eabi/lib/armv7e-m/softfp\libg_nano.a(lib_a-findfp.o)
                0x10088c58                __sfmoreglue
 .text.__sinit  0x10088c84       0x60 c:/program files (x86)/cypress/psoc creator/4.4/psoc creator/import/gnu/arm/5.4.1/bin/../lib/gcc/arm-none-eabi/5.4.1/../../../../arm-none-eabi/lib/armv7e-m/softfp\libg_nano.a(lib_a-findfp.o)
                0x10088c84                __sinit
 .text.__sfp    0x10088ce4       0x78 c:/program files (x86)/cypress/psoc creator/4.4/psoc creator/import/gnu/arm/5.4.1/bin/../lib/gcc/arm-none-eabi/5.4.1/../../../../arm-none-eabi/lib/armv7e-m/softfp\libg_nano.a(lib_a-findfp.o)
                0x10088ce4                __sfp
 .text._fwalk_reent
                0x10088d5c       0x3c c:/program files (x86)/cypress/psoc creator/4.4/psoc creator/import/gnu/arm/5.4.1/bin/../lib/gcc/arm-none-eabi/5.4.1/../../../../arm-none-eabi/lib/armv7e-m/softfp\libg_nano.a(lib_a-fwalk.o)
                0x10088d5c                _fwalk_reent
 .text._localeconv_r
                0x10088d98        0x8 c:/program files (x86)/cypress/psoc creator/4.4/psoc creator/import/gnu/arm/5.4.1/bin/../lib/gcc/arm-none-eabi/5.4.1/../../../../arm-none-eabi/lib/armv7e-m/softfp\libg_nano.a(lib_a-locale.o)
                0x10088d98                _localeconv_r
 .text.__swhatbuf_r
                0x10088da0       0x46 c:/program files (x86)/cypress/psoc creator/4.4/psoc creator/import/gnu/arm/5.4.1/bin/../lib/gcc/arm-none-eabi/5.4.1/../../../../arm-none-eabi/lib/armv7e-m/softfp\libg_nano.a(lib_a-makebuf.o)
                0x10088da0                __swhatbuf_r
 *fill*         0x10088de6        0x2 
 .text.__smakebuf_r
                0x10088de8       0x78 c:/program files (x86)/cypress/psoc creator/4.4/psoc creator/import/gnu/arm/5.4.1/bin/../lib/gcc/arm-none-eabi/5.4.1/../../../../arm-none-eabi/lib/armv7e-m/softfp\libg_nano.a(lib_a-makebuf.o)
                0x10088de8                __smakebuf_r
 .text.malloc   0x10088e60       0x10 c:/program files (x86)/cypress/psoc creator/4.4/psoc creator/import/gnu/arm/5.4.1/bin/../lib/gcc/arm-none-eabi/5.4.1/../../../../arm-none-eabi/lib/armv7e-m/softfp\libg_nano.a(lib_a-malloc.o)
                0x10088e60                malloc
 .text          0x10088e70       0xa0 c:/program files (x86)/cypress/psoc creator/4.4/psoc creator/import/gnu/arm/5.4.1/bin/../lib/gcc/arm-none-eabi/5.4.1/../../../../arm-none-eabi/lib/armv7e-m/softfp\libg_nano.a(lib_a-memchr.o)
                0x10088e70                memchr
 .text._Balloc  0x10088f10       0x6a c:/program files (x86)/cypress/psoc creator/4.4/psoc creator/import/gnu/arm/5.4.1/bin/../lib/gcc/arm-none-eabi/5.4.1/../../../../arm-none-eabi/lib/armv7e-m/softfp\libg_nano.a(lib_a-mprec.o)
                0x10088f10                _Balloc
 .text._Bfree   0x10088f7a       0x2e c:/program files (x86)/cypress/psoc creator/4.4/psoc creator/import/gnu/arm/5.4.1/bin/../lib/gcc/arm-none-eabi/5.4.1/../../../../arm-none-eabi/lib/armv7e-m/softfp\libg_nano.a(lib_a-mprec.o)
                0x10088f7a                _Bfree
 .text.__multadd
                0x10088fa8       0x76 c:/program files (x86)/cypress/psoc creator/4.4/psoc creator/import/gnu/arm/5.4.1/bin/../lib/gcc/arm-none-eabi/5.4.1/../../../../arm-none-eabi/lib/armv7e-m/softfp\libg_nano.a(lib_a-mprec.o)
                0x10088fa8                __multadd
 .text.__hi0bits
                0x1008901e       0x40 c:/program files (x86)/cypress/psoc creator/4.4/psoc creator/import/gnu/arm/5.4.1/bin/../lib/gcc/arm-none-eabi/5.4.1/../../../../arm-none-eabi/lib/armv7e-m/softfp\libg_nano.a(lib_a-mprec.o)
                0x1008901e                __hi0bits
 .text.__lo0bits
                0x1008905e       0x5a c:/program files (x86)/cypress/psoc creator/4.4/psoc creator/import/gnu/arm/5.4.1/bin/../lib/gcc/arm-none-eabi/5.4.1/../../../../arm-none-eabi/lib/armv7e-m/softfp\libg_nano.a(lib_a-mprec.o)
                0x1008905e                __lo0bits
 .text.__i2b    0x100890b8       0x12 c:/program files (x86)/cypress/psoc creator/4.4/psoc creator/import/gnu/arm/5.4.1/bin/../lib/gcc/arm-none-eabi/5.4.1/../../../../arm-none-eabi/lib/armv7e-m/softfp\libg_nano.a(lib_a-mprec.o)
                0x100890b8                __i2b
 .text.__multiply
                0x100890ca      0x122 c:/program files (x86)/cypress/psoc creator/4.4/psoc creator/import/gnu/arm/5.4.1/bin/../lib/gcc/arm-none-eabi/5.4.1/../../../../arm-none-eabi/lib/armv7e-m/softfp\libg_nano.a(lib_a-mprec.o)
                0x100890ca                __multiply
 .text.__pow5mult
                0x100891ec       0x9c c:/program files (x86)/cypress/psoc creator/4.4/psoc creator/import/gnu/arm/5.4.1/bin/../lib/gcc/arm-none-eabi/5.4.1/../../../../arm-none-eabi/lib/armv7e-m/softfp\libg_nano.a(lib_a-mprec.o)
                0x100891ec                __pow5mult
 .text.__lshift
                0x10089288       0xa2 c:/program files (x86)/cypress/psoc creator/4.4/psoc creator/import/gnu/arm/5.4.1/bin/../lib/gcc/arm-none-eabi/5.4.1/../../../../arm-none-eabi/lib/armv7e-m/softfp\libg_nano.a(lib_a-mprec.o)
                0x10089288                __lshift
 .text.__mcmp   0x1008932a       0x38 c:/program files (x86)/cypress/psoc creator/4.4/psoc creator/import/gnu/arm/5.4.1/bin/../lib/gcc/arm-none-eabi/5.4.1/../../../../arm-none-eabi/lib/armv7e-m/softfp\libg_nano.a(lib_a-mprec.o)
                0x1008932a                __mcmp
 .text.__mdiff  0x10089362       0xbe c:/program files (x86)/cypress/psoc creator/4.4/psoc creator/import/gnu/arm/5.4.1/bin/../lib/gcc/arm-none-eabi/5.4.1/../../../../arm-none-eabi/lib/armv7e-m/softfp\libg_nano.a(lib_a-mprec.o)
                0x10089362                __mdiff
 .text.__d2b    0x10089420       0x9c c:/program files (x86)/cypress/psoc creator/4.4/psoc creator/import/gnu/arm/5.4.1/bin/../lib/gcc/arm-none-eabi/5.4.1/../../../../arm-none-eabi/lib/armv7e-m/softfp\libg_nano.a(lib_a-mprec.o)
                0x10089420                __d2b
 .text._calloc_r
                0x100894bc       0x1c c:/program files (x86)/cypress/psoc creator/4.4/psoc creator/import/gnu/arm/5.4.1/bin/../lib/gcc/arm-none-eabi/5.4.1/../../../../arm-none-eabi/lib/armv7e-m/softfp\libg_nano.a(lib_a-nano-callocr.o)
                0x100894bc                _calloc_r
 .text._free_r  0x100894d8       0x9c c:/program files (x86)/cypress/psoc creator/4.4/psoc creator/import/gnu/arm/5.4.1/bin/../lib/gcc/arm-none-eabi/5.4.1/../../../../arm-none-eabi/lib/armv7e-m/softfp\libg_nano.a(lib_a-nano-freer.o)
                0x100894d8                _free_r
 .text._malloc_r
                0x10089574       0xbc c:/program files (x86)/cypress/psoc creator/4.4/psoc creator/import/gnu/arm/5.4.1/bin/../lib/gcc/arm-none-eabi/5.4.1/../../../../arm-none-eabi/lib/armv7e-m/softfp\libg_nano.a(lib_a-nano-mallocr.o)
                0x10089574                _malloc_r
 .text.__sfputc_r
                0x10089630       0x30 c:/program files (x86)/cypress/psoc creator/4.4/psoc creator/import/gnu/arm/5.4.1/bin/../lib/gcc/arm-none-eabi/5.4.1/../../../../arm-none-eabi/lib/armv7e-m/softfp\libg_nano.a(lib_a-nano-vfprintf.o)
 .text.__sfputs_r
                0x10089660       0x24 c:/program files (x86)/cypress/psoc creator/4.4/psoc creator/import/gnu/arm/5.4.1/bin/../lib/gcc/arm-none-eabi/5.4.1/../../../../arm-none-eabi/lib/armv7e-m/softfp\libg_nano.a(lib_a-nano-vfprintf.o)
                0x10089660                __sfputs_r
 .text._vfprintf_r
                0x10089684      0x238 c:/program files (x86)/cypress/psoc creator/4.4/psoc creator/import/gnu/arm/5.4.1/bin/../lib/gcc/arm-none-eabi/5.4.1/../../../../arm-none-eabi/lib/armv7e-m/softfp\libg_nano.a(lib_a-nano-vfprintf.o)
                0x10089684                _vfprintf_r
                0x10089684                _vfiprintf_r
 .text._sbrk_r  0x100898bc       0x20 c:/program files (x86)/cypress/psoc creator/4.4/psoc creator/import/gnu/arm/5.4.1/bin/../lib/gcc/arm-none-eabi/5.4.1/../../../../arm-none-eabi/lib/armv7e-m/softfp\libg_nano.a(lib_a-sbrkr.o)
                0x100898bc                _sbrk_r
 .text.__sread  0x100898dc       0x22 c:/program files (x86)/cypress/psoc creator/4.4/psoc creator/import/gnu/arm/5.4.1/bin/../lib/gcc/arm-none-eabi/5.4.1/../../../../arm-none-eabi/lib/armv7e-m/softfp\libg_nano.a(lib_a-stdio.o)
                0x100898dc                __sread
 .text.__swrite
                0x100898fe       0x38 c:/program files (x86)/cypress/psoc creator/4.4/psoc creator/import/gnu/arm/5.4.1/bin/../lib/gcc/arm-none-eabi/5.4.1/../../../../arm-none-eabi/lib/armv7e-m/softfp\libg_nano.a(lib_a-stdio.o)
                0x100898fe                __swrite
 .text.__sseek  0x10089936       0x24 c:/program files (x86)/cypress/psoc creator/4.4/psoc creator/import/gnu/arm/5.4.1/bin/../lib/gcc/arm-none-eabi/5.4.1/../../../../arm-none-eabi/lib/armv7e-m/softfp\libg_nano.a(lib_a-stdio.o)
                0x10089936                __sseek
 .text.__sclose
                0x1008995a        0x8 c:/program files (x86)/cypress/psoc creator/4.4/psoc creator/import/gnu/arm/5.4.1/bin/../lib/gcc/arm-none-eabi/5.4.1/../../../../arm-none-eabi/lib/armv7e-m/softfp\libg_nano.a(lib_a-stdio.o)
                0x1008995a                __sclose
 *fill*         0x10089962        0x2 
 .text._write_r
                0x10089964       0x24 c:/program files (x86)/cypress/psoc creator/4.4/psoc creator/import/gnu/arm/5.4.1/bin/../lib/gcc/arm-none-eabi/5.4.1/../../../../arm-none-eabi/lib/armv7e-m/softfp\libg_nano.a(lib_a-writer.o)
                0x10089964                _write_r
 .text._close_r
                0x10089988       0x20 c:/program files (x86)/cypress/psoc creator/4.4/psoc creator/import/gnu/arm/5.4.1/bin/../lib/gcc/arm-none-eabi/5.4.1/../../../../arm-none-eabi/lib/armv7e-m/softfp\libg_nano.a(lib_a-closer.o)
                0x10089988                _close_r
 .text._fstat_r
                0x100899a8       0x24 c:/program files (x86)/cypress/psoc creator/4.4/psoc creator/import/gnu/arm/5.4.1/bin/../lib/gcc/arm-none-eabi/5.4.1/../../../../arm-none-eabi/lib/armv7e-m/softfp\libg_nano.a(lib_a-fstatr.o)
                0x100899a8                _fstat_r
 .text._isatty_r
                0x100899cc       0x20 c:/program files (x86)/cypress/psoc creator/4.4/psoc creator/import/gnu/arm/5.4.1/bin/../lib/gcc/arm-none-eabi/5.4.1/../../../../arm-none-eabi/lib/armv7e-m/softfp\libg_nano.a(lib_a-isattyr.o)
                0x100899cc                _isatty_r
 .text._lseek_r
                0x100899ec       0x24 c:/program files (x86)/cypress/psoc creator/4.4/psoc creator/import/gnu/arm/5.4.1/bin/../lib/gcc/arm-none-eabi/5.4.1/../../../../arm-none-eabi/lib/armv7e-m/softfp\libg_nano.a(lib_a-lseekr.o)
                0x100899ec                _lseek_r
 .text.__malloc_lock
                0x10089a10        0x2 c:/program files (x86)/cypress/psoc creator/4.4/psoc creator/import/gnu/arm/5.4.1/bin/../lib/gcc/arm-none-eabi/5.4.1/../../../../arm-none-eabi/lib/armv7e-m/softfp\libg_nano.a(lib_a-mlock.o)
                0x10089a10                __malloc_lock
 .text.__malloc_unlock
                0x10089a12        0x2 c:/program files (x86)/cypress/psoc creator/4.4/psoc creator/import/gnu/arm/5.4.1/bin/../lib/gcc/arm-none-eabi/5.4.1/../../../../arm-none-eabi/lib/armv7e-m/softfp\libg_nano.a(lib_a-mlock.o)
                0x10089a12                __malloc_unlock
 .text._read_r  0x10089a14       0x24 c:/program files (x86)/cypress/psoc creator/4.4/psoc creator/import/gnu/arm/5.4.1/bin/../lib/gcc/arm-none-eabi/5.4.1/../../../../arm-none-eabi/lib/armv7e-m/softfp\libg_nano.a(lib_a-readr.o)
                0x10089a14                _read_r
 .text          0x10089a38      0x110 c:/program files (x86)/cypress/psoc creator/4.4/psoc creator/import/gnu/arm/5.4.1/bin/../lib/gcc/arm-none-eabi/5.4.1/armv7e-m/softfp\libgcc.a(_arm_cmpdf2.o)
                0x10089a38                __gtdf2
                0x10089a38                __gedf2
                0x10089a40                __ltdf2
                0x10089a40                __ledf2
                0x10089a48                __nedf2
                0x10089a48                __eqdf2
                0x10089a48                __cmpdf2
                0x10089ac4                __aeabi_cdrcmple
                0x10089ad4                __aeabi_cdcmpeq
                0x10089ad4                __aeabi_cdcmple
                0x10089ae4                __aeabi_dcmpeq
                0x10089af8                __aeabi_dcmplt
                0x10089b0c                __aeabi_dcmple
                0x10089b20                __aeabi_dcmpge
                0x10089b34                __aeabi_dcmpgt
 .text          0x10089b48       0x2c c:/program files (x86)/cypress/psoc creator/4.4/psoc creator/import/gnu/arm/5.4.1/bin/../lib/gcc/arm-none-eabi/5.4.1/armv7e-m/softfp\libgcc.a(_arm_unorddf2.o)
                0x10089b48                __unorddf2
                0x10089b48                __aeabi_dcmpun
 .text          0x10089b74       0x50 c:/program files (x86)/cypress/psoc creator/4.4/psoc creator/import/gnu/arm/5.4.1/bin/../lib/gcc/arm-none-eabi/5.4.1/armv7e-m/softfp\libgcc.a(_arm_fixdfsi.o)
                0x10089b74                __aeabi_d2iz
                0x10089b74                __fixdfsi
 .text._close   0x10089bc4       0x10 c:/program files (x86)/cypress/psoc creator/4.4/psoc creator/import/gnu/arm/5.4.1/bin/../lib/gcc/arm-none-eabi/5.4.1/../../../../arm-none-eabi/lib/armv7e-m/softfp\libnosys.a(close.o)
                0x10089bc4                _close
 .text._fstat   0x10089bd4       0x10 c:/program files (x86)/cypress/psoc creator/4.4/psoc creator/import/gnu/arm/5.4.1/bin/../lib/gcc/arm-none-eabi/5.4.1/../../../../arm-none-eabi/lib/armv7e-m/softfp\libnosys.a(fstat.o)
                0x10089bd4                _fstat
 .text._isatty  0x10089be4       0x10 c:/program files (x86)/cypress/psoc creator/4.4/psoc creator/import/gnu/arm/5.4.1/bin/../lib/gcc/arm-none-eabi/5.4.1/../../../../arm-none-eabi/lib/armv7e-m/softfp\libnosys.a(isatty.o)
                0x10089be4                _isatty
 .text._lseek   0x10089bf4       0x10 c:/program files (x86)/cypress/psoc creator/4.4/psoc creator/import/gnu/arm/5.4.1/bin/../lib/gcc/arm-none-eabi/5.4.1/../../../../arm-none-eabi/lib/armv7e-m/softfp\libnosys.a(lseek.o)
                0x10089bf4                _lseek
 .text._sbrk    0x10089c04       0x1c c:/program files (x86)/cypress/psoc creator/4.4/psoc creator/import/gnu/arm/5.4.1/bin/../lib/gcc/arm-none-eabi/5.4.1/../../../../arm-none-eabi/lib/armv7e-m/softfp\libnosys.a(sbrk.o)
                0x10089c04                _sbrk
 *(.init)
 .init          0x10089c20        0x4 c:/program files (x86)/cypress/psoc creator/4.4/psoc creator/import/gnu/arm/5.4.1/bin/../lib/gcc/arm-none-eabi/5.4.1/armv7e-m/softfp/crti.o
                0x10089c20                _init
 .init          0x10089c24        0x8 c:/program files (x86)/cypress/psoc creator/4.4/psoc creator/import/gnu/arm/5.4.1/bin/../lib/gcc/arm-none-eabi/5.4.1/armv7e-m/softfp/crtn.o
 *(.fini)
 .fini          0x10089c2c        0x4 c:/program files (x86)/cypress/psoc creator/4.4/psoc creator/import/gnu/arm/5.4.1/bin/../lib/gcc/arm-none-eabi/5.4.1/armv7e-m/softfp/crti.o
                0x10089c2c                _fini
 .fini          0x10089c30        0x8 c:/program files (x86)/cypress/psoc creator/4.4/psoc creator/import/gnu/arm/5.4.1/bin/../lib/gcc/arm-none-eabi/5.4.1/armv7e-m/softfp/crtn.o
 *crtbegin.o(.ctors)
 *crtbegin?.o(.ctors)
 *(EXCLUDE_FILE(*crtend.o *crtend?.o) .ctors)
 *(SORT(.ctors.*))
 *(.ctors)
 *crtbegin.o(.dtors)
 *crtbegin?.o(.dtors)
 *(EXCLUDE_FILE(*crtend.o *crtend?.o) .dtors)
 *(SORT(.dtors.*))
 *(.dtors)
 *(.rodata .rodata.* .constdata .constdata.* .conststring .conststring.*)
 .rodata.str1.4
                0x10089c38      0x2f1 .\CortexM4\ARM_GCC_541\Debug\main_cm4.o
                                0x2fd (size before relaxing)
 *fill*         0x10089f29        0x3 
 .rodata        0x10089f2c       0x34 .\CortexM4\ARM_GCC_541\Debug\system_psoc6_cm4.o
 .rodata        0x10089f60       0x18 .\CortexM4\ARM_GCC_541\Debug\cyfitter_sysint_cfg.o
                0x10089f60                CapSense_ISR_cfg
                0x10089f68                DEBUG_UART_SCB_IRQ_cfg
                0x10089f70                BLE_1_bless_isr_cfg
 .rodata.str1.4
                0x10089f78       0x2a .\CortexM4\ARM_GCC_541\Debug\CapSense_Control.o
 *fill*         0x10089fa2        0x2 
 .rodata.str1.4
                0x10089fa4       0x2d .\CortexM4\ARM_GCC_541\Debug\CapSense_Processing.o
 *fill*         0x10089fd1        0x3 
 .rodata        0x10089fd4      0x118 .\CortexM4\ARM_GCC_541\Debug\CapSense_Structure.o
                0x10089fd4                CapSense_ramIdacInit
                0x10089fdc                CapSense_dsFlash
                0x1008a06c                CapSense_ramWidgetInit
                0x1008a0a4                CapSense_ioList
 .rodata        0x1008a0ec        0x1 .\CortexM4\ARM_GCC_541\Debug\CapSense_Sensing.o
                0x1008a0ec                CapSense_scanFreqIndex
 *fill*         0x1008a0ed        0x3 
 .rodata.str1.4
                0x1008a0f0       0x6a .\CortexM4\ARM_GCC_541\Debug\CapSense_Sensing.o
 .rodata.str1.4
                0x1008a15a       0x3d .\CortexM4\ARM_GCC_541\Debug\CapSense_SensingCSD_LL.o
 .rodata.str1.4
                0x1008a15a       0x3d .\CortexM4\ARM_GCC_541\Debug\CapSense_SensingCSX_LL.o
 *fill*         0x1008a15a        0x2 
 .rodata.str1.4