ARM GAS  C:\Users\ailen\AppData\Local\Temp\cc22JM6D.s 			page 1


   1              		.syntax unified
   2              		.cpu cortex-m4
   3              		.eabi_attribute 27, 1
   4              		.fpu fpv4-sp-d16
   5              		.eabi_attribute 20, 1
   6              		.eabi_attribute 21, 1
   7              		.eabi_attribute 23, 3
   8              		.eabi_attribute 24, 1
   9              		.eabi_attribute 25, 1
  10              		.eabi_attribute 26, 1
  11              		.eabi_attribute 30, 1
  12              		.eabi_attribute 34, 1
  13              		.eabi_attribute 18, 4
  14              		.thumb
  15              		.syntax unified
  16              		.file	"task_touch.c"
  17              		.text
  18              	.Ltext0:
  19              		.cfi_sections	.debug_frame
  20              	.Letext0:
  21              		.section	.debug_line,"",%progbits
  22              	.Ldebug_line0:
  23              		.section	.debug_str,"MS",%progbits,1
  24              	.LASF0:
  25 0000 7461736B 		.ascii	"task_touch.c\000"
  25      5F746F75 
  25      63682E63 
  25      00
  26              	.LASF1:
  27 000d 474E5520 		.ascii	"GNU C11 5.4.1 20160609 (release) [ARM/embedded-5-br"
  27      43313120 
  27      352E342E 
  27      31203230 
  27      31363036 
  28 0040 616E6368 		.ascii	"anch revision 237715] -mcpu=cortex-m4 -mfloat-abi=s"
  28      20726576 
  28      6973696F 
  28      6E203233 
  28      37373135 
  29 0073 6F667466 		.ascii	"oftfp -mfpu=fpv4-sp-d16 -mthumb -g -Og -ffunction-s"
  29      70202D6D 
  29      6670753D 
  29      66707634 
  29      2D73702D 
  30 00a6 65637469 		.ascii	"ections -ffat-lto-objects -ffloat-store\000"
  30      6F6E7320 
  30      2D666661 
  30      742D6C74 
  30      6F2D6F62 
  31              	.LASF2:
  32 00ce 433A5C55 		.ascii	"C:\\Users\\ailen\\OneDrive\\Documents\\PSoC Creator"
  32      73657273 
  32      5C61696C 
  32      656E5C4F 
  32      6E654472 
  33 00fc 5C576F72 		.ascii	"\\Workspace01\\CapSenseDesign_freeRTOS.cydsn\000"
  33      6B737061 
ARM GAS  C:\Users\ailen\AppData\Local\Temp\cc22JM6D.s 			page 2


  33      63653031 
  33      5C436170 
  33      53656E73 
  34              		.ident	"GCC: (GNU Tools for ARM Embedded Processors) 5.4.1 20160609 (release) [ARM/embedded-5-bran
